Microchip MPLAB XC8 Compiler V1.21 ()

Linker command line:

--edf=/opt/microchip/xc8/v1.21/dat/en_msgs.txt -cs \
  -h+dist/default/production/AutoDoorOpener.X.production.sym \
  --cmf=dist/default/production/AutoDoorOpener.X.production.cmf -z \
  -Q18F4550 -o/tmp/cgtD5HLqA \
  -Mdist/default/production/AutoDoorOpener.X.production.map -E1 -ver=XC8 \
  -ACODE=00h-07FFFh -ACONST=00h-07FFFh -ASMALLCONST=0800h-08FFhx120 \
  -AMEDIUMCONST=0800h-07FFFh -ACOMRAM=01h-05Fh -AABS1=00h-07FFh \
  -ABIGRAM=01h-07FFh -ARAM=060h-0FFh,0100h-01FFhx7 -ABANK0=060h-0FFh \
  -ABANK1=0100h-01FFh -ABANK2=0200h-02FFh -ABANK3=0300h-03FFh \
  -ABANK4=0400h-04FFh -ABANK5=0500h-05FFh -ABANK6=0600h-06FFh \
  -ABANK7=0700h-07FFh -ASFR=0F60h-0FFFh \
  -preset_vec=00h,intcode=08h,intcodelo,powerup,init,end_init \
  -pramtop=0800h -psmallconst=SMALLCONST -pmediumconst=MEDIUMCONST \
  -pconst=CONST -AFARRAM=00h-00h -ACONFIG=0300000h-030000Dh -pconfig=CONFIG \
  -AIDLOC=0200000h-0200007h -pidloc=IDLOC -AEEDATA=0F00000h-0F000FFh \
  -peeprom_data=EEDATA \
  -prdata=COMRAM,nvrram=COMRAM,nvbit=COMRAM,rbss=COMRAM,rbit=COMRAM \
  -pfarbss=FARRAM,fardata=FARRAM,nvFARRAM=FARRAM \
  -pintsave_regs=BIGRAM,bigbss=BIGRAM,bigdata=BIGRAM -pbss=RAM \
  -pidata=CODE,irdata=CODE,ibigdata=CODE,ifardata=CODE /tmp/cgtz3CJoB.obj \
  dist/default/production/AutoDoorOpener.X.production.obj 

Object code version is 3.11

Machine type is 18F4550

Call graph: (short form)




                Name                               Link     Load   Length Selector   Space Scale
/tmp/cgtz3CJoB.obj
                end_init                             14       14        4        4       0
                reset_vec                             0        0        4        0       0
                idloc                            200000   200000        8   200000       0
                config                           300000   300000        E   300000       0
dist/default/production/AutoDoorOpener.X.production.obj
                intcode                               8        8        C        4       0
                smallconst                          800      800        6      400       0
                intcode_body                        806      806      136      403       0
                text0                               93C      93C       88      403       0
                cstackCOMRAM                          1        1        E        1       1
                bssCOMRAM                             F        F        B        1       1
                bitbssCOMRAM                         D0       1A        4        1       1     8
                cinit                               9C4      9C4       18      403       0

TOTAL           Name                               Link     Load   Length     Space
        CLASS   CODE           
                end_init                             14       14        4         0
                intcode                               8        8        C         0
                reset_vec                             0        0        4         0
                intcode_body                        806      806      136         0
                text0                               93C      93C       88         0
                cinit                               9C4      9C4       18         0

        CLASS   CONST          

        CLASS   SMALLCONST     
                smallconst                          800      800        6         0

        CLASS   MEDIUMCONST    

        CLASS   COMRAM         
                cstackCOMRAM                          1        1        E         1
                bssCOMRAM                             F        F        B         1
                bitbssCOMRAM                         D0       1A        4         1

        CLASS   ABS1           

        CLASS   BIGRAM         

        CLASS   RAM            

        CLASS   BANK0          

        CLASS   BANK1          

        CLASS   BANK2          

        CLASS   BANK3          

        CLASS   BANK4          

        CLASS   BANK5          

        CLASS   BANK6          

        CLASS   BANK7          

        CLASS   SFR            

        CLASS   FARRAM         

        CLASS   CONFIG         
                config                           300000   300000        E         0

        CLASS   IDLOC          
                idloc                            200000   200000        8         0

        CLASS   EEDATA         



SEGMENTS        Name                           Load    Length   Top    Selector   Space  Class

                reset_vec                      000000  000004  000004         0       0  CODE    
                cstackCOMRAM                   000001  00001A  00001B         1       1  COMRAM  
                intcode                        000008  000010  000018         4       0  CODE    
                smallconst                     000800  000006  000806       400       0  SMALLCON
                intcode_body                   000806  0001D6  0009DC       403       0  CODE    
                idloc                          200000  000008  200008    200000       0  IDLOC   
                config                         300000  00000E  30000E    300000       0  CONFIG  


UNUSED ADDRESS RANGES

        Name                Unused          Largest block    Delta
        BANK0            000060-0000FF               A0
        BANK1            000100-0001FF              100
        BANK2            000200-0002FF              100
        BANK3            000300-0003FF              100
        BANK4            000400-0004FF              100
        BANK5            000500-0005FF              100
        BANK6            000600-0006FF              100
        BANK7            000700-0007FF              100
        BIGRAM           00001B-0007FF              7E5
        CODE             000004-000007                4
                         000018-0007FF              7E8
                         0009DC-007FFF             7624
        COMRAM           00001B-00005F               45
        CONST            000004-000007                4
                         000018-0007FF              7E8
                         0009DC-007FFF             7624
        EEDATA           F00000-F000FF              100
        MEDIUMCONST      0009DC-007FFF             7624
        RAM              000060-0007FF              100
        SFR              000F60-000FFF               A0
        SMALLCONST       0009DC-007FFF              100

                                  Symbol Table

_ADCON0                  (abs)        000FC2
_ADCON1                  (abs)        000FC1
_ADCON2                  (abs)        000FC0
_ADIE                    (abs)        007CEE
_ADIF                    (abs)        007CF6
_ADIP                    (abs)        007CFE
_CCP1CON                 (abs)        000FBD
_CCP2CON                 (abs)        000FBA
_CLK1EN                  (abs)        007B1C
_CMCON                   (abs)        000FB4
_CSEN                    (abs)        007B1D
_CVREN                   (abs)        007DAF
_CVROE                   (abs)        007DAE
_INT0IE                  (abs)        007F94
_INT0IF                  (abs)        007F91
_INT1IE                  (abs)        007F83
_INT1IF                  (abs)        007F80
_INT1IP                  (abs)        007F86
_INT2IE                  (abs)        007F84
_INT2IF                  (abs)        007F81
_INT2IP                  (abs)        007F87
_INTCONbits              (abs)        000FF2
_INTEDG0                 (abs)        007F8E
_INTEDG1                 (abs)        007F8D
_INTEDG2                 (abs)        007F8C
_IPEN                    (abs)        007E87
_PEIE                    (abs)        007F96
_PORTD                   (abs)        000F83
_RA5                     (abs)        007C05
_RB0                     (abs)        007C08
_RBIE                    (abs)        007F93
_RBIF                    (abs)        007F90
_RBIP                    (abs)        007F88
_RC1                     (abs)        007C11
_RC2                     (abs)        007C12
_RC3                     (abs)        007C13
_RC6                     (abs)        007C16
_RC7                     (abs)        007C17
_RDPU                    (abs)        007C27
_SPEN                    (abs)        007D5F
_SPPEN                   (abs)        007B28
_SSPEN                   (abs)        007E35
_T0CON                   (abs)        000FD5
_T3CON                   (abs)        000FB1
_TMR0H                   (abs)        000FD7
_TMR0IE                  (abs)        007F95
_TMR0IF                  (abs)        007F92
_TMR0IP                  (abs)        007F8A
_TMR0L                   (abs)        000FD6
_TMR3                    (abs)        000FB2
_TMR3IE                  (abs)        007D01
_TMR3IF                  (abs)        007D09
_TMR3IP                  (abs)        007D11
_TRISA                   (abs)        000F92
_TRISB                   (abs)        000F93
_TRISC                   (abs)        000F94
_TRISD                   (abs)        000F95
_TRISE                   (abs)        000F96
_TXEN                    (abs)        007D65
_USBEN                   (abs)        007B6B
__CFG_BOR$ON             (abs)        000000
__CFG_BORV$3             (abs)        000000
__CFG_CCP2MX$ON          (abs)        000000
__CFG_CP0$OFF            (abs)        000000
__CFG_CP1$OFF            (abs)        000000
__CFG_CP2$OFF            (abs)        000000
__CFG_CP3$OFF            (abs)        000000
__CFG_CPB$OFF            (abs)        000000
__CFG_CPD$OFF            (abs)        000000
__CFG_CPUDIV$OSC4_PLL6   (abs)        000000
__CFG_DEBUG$OFF          (abs)        000000
__CFG_EBTR0$OFF          (abs)        000000
__CFG_EBTR1$OFF          (abs)        000000
__CFG_EBTR2$OFF          (abs)        000000
__CFG_EBTR3$OFF          (abs)        000000
__CFG_EBTRB$OFF          (abs)        000000
__CFG_FCMEN$OFF          (abs)        000000
__CFG_FOSC$INTOSCIO_EC   (abs)        000000
__CFG_ICPRT$OFF          (abs)        000000
__CFG_IESO$OFF           (abs)        000000
__CFG_LPT1OSC$OFF        (abs)        000000
__CFG_LVP$OFF            (abs)        000000
__CFG_MCLRE$ON           (abs)        000000
__CFG_PBADEN$OFF         (abs)        000000
__CFG_PLLDIV$1           (abs)        000000
__CFG_PWRT$ON            (abs)        000000
__CFG_STVREN$OFF         (abs)        000000
__CFG_USBDIV$2           (abs)        000000
__CFG_VREGEN$OFF         (abs)        000000
__CFG_WDT$OFF            (abs)        000000
__CFG_WDTPS$1            (abs)        000000
__CFG_WRT0$OFF           (abs)        000000
__CFG_WRT1$OFF           (abs)        000000
__CFG_WRT2$OFF           (abs)        000000
__CFG_WRT3$OFF           (abs)        000000
__CFG_WRTB$OFF           (abs)        000000
__CFG_WRTC$OFF           (abs)        000000
__CFG_WRTD$OFF           (abs)        000000
__CFG_XINST$OFF          (abs)        000000
__HRAM                   (abs)        000000
__Habs1                  abs1         000000
__Hbank0                 bank0        000000
__Hbank1                 bank1        000000
__Hbank2                 bank2        000000
__Hbank3                 bank3        000000
__Hbank4                 bank4        000000
__Hbank5                 bank5        000000
__Hbank6                 bank6        000000
__Hbank7                 bank7        000000
__Hbigbss                bigbss       000000
__Hbigdata               bigdata      000000
__Hbigram                bigram       000000
__HbitbssCOMRAM          bitbssCOMRAM 000000
__Hbss                   bss          000000
__HbssCOMRAM             bssCOMRAM    000000
__Hcinit                 cinit        000000
__Hclrtext               clrtext      000000
__Hcomram                comram       000000
__Hconfig                config       30000E
__Hconst                 const        000000
__HcstackCOMRAM          cstackCOMRAM 000000
__Hdata                  data         000000
__Heeprom_data           eeprom_data  000000
__Hend_init              end_init     000018
__Hfarbss                farbss       000000
__Hfardata               fardata      000000
__Hibigdata              ibigdata     000000
__Hidata                 idata        000000
__Hidloc                 idloc        200008
__Hifardata              ifardata     000000
__Hinit                  init         000014
__Hintcode               intcode      000014
__Hintcode_body          intcode_body 000000
__Hintcodelo             intcodelo    000014
__Hintentry              intentry     000000
__Hintret                intret       000000
__Hintsave_regs          intsave_regs 000000
__Hirdata                irdata       000000
__Hmediumconst           mediumconst  000000
__HnvFARRAM              nvFARRAM     000000
__Hnvbit                 nvbit        000000
__Hnvrram                nvrram       000000
__Hparam                 rparam       000000
__Hpowerup               powerup      000014
__Hram                   ram          000000
__Hramtop                ramtop       000800
__Hrbit                  rbit         000000
__Hrbss                  rbss         000000
__Hrdata                 rdata        000000
__Hreset_vec             reset_vec    000004
__Hrparam                rparam       000000
__Hsfr                   sfr          000000
__Hsmallconst            smallconst   000806
__Hstruct                struct       000000
__Htemp                  temp         000000
__Htext                  text         000000
__Htext0                 text0        000000
__LRAM                   (abs)        000001
__Labs1                  abs1         000000
__Lbank0                 bank0        000000
__Lbank1                 bank1        000000
__Lbank2                 bank2        000000
__Lbank3                 bank3        000000
__Lbank4                 bank4        000000
__Lbank5                 bank5        000000
__Lbank6                 bank6        000000
__Lbank7                 bank7        000000
__Lbigbss                bigbss       000000
__Lbigdata               bigdata      000000
__Lbigram                bigram       000000
__LbitbssCOMRAM          bitbssCOMRAM 000000
__Lbss                   bss          000000
__LbssCOMRAM             bssCOMRAM    000000
__Lcinit                 cinit        000000
__Lclrtext               clrtext      000000
__Lcomram                comram       000000
__Lconfig                config       300000
__Lconst                 const        000000
__LcstackCOMRAM          cstackCOMRAM 000000
__Ldata                  data         000000
__Leeprom_data           eeprom_data  000000
__Lend_init              end_init     000014
__Lfarbss                farbss       000000
__Lfardata               fardata      000000
__Libigdata              ibigdata     000000
__Lidata                 idata        000000
__Lidloc                 idloc        200000
__Lifardata              ifardata     000000
__Linit                  init         000014
__Lintcode               intcode      000008
__Lintcode_body          intcode_body 000000
__Lintcodelo             intcodelo    000014
__Lintentry              intentry     000000
__Lintret                intret       000000
__Lintsave_regs          intsave_regs 000000
__Lirdata                irdata       000000
__Lmediumconst           mediumconst  000000
__LnvFARRAM              nvFARRAM     000000
__Lnvbit                 nvbit        000000
__Lnvrram                nvrram       000000
__Lparam                 rparam       000000
__Lpowerup               powerup      000014
__Lram                   ram          000000
__Lramtop                ramtop       000800
__Lrbit                  rbit         000000
__Lrbss                  rbss         000000
__Lrdata                 rdata        000000
__Lreset_vec             reset_vec    000000
__Lrparam                rparam       000000
__Lsfr                   sfr          000000
__Lsmallconst            smallconst   000800
__Lstruct                struct       000000
__Ltemp                  temp         000000
__Ltext                  text         000000
__Ltext0                 text0        000000
__S0                     (abs)        30000E
__S1                     (abs)        00001B
__accesstop              (abs)        000060
__activetblptr           (abs)        000002
__end_of__initialization cinit        0009D2
__end_of_ipus            smallconst   000804
__end_of_isr             intcode_body 00093C
__end_of_main            text0        0009C4
__initialization         cinit        0009C4
__mediumconst            mediumconst  000000
__pbitbssCOMRAM          bitbssCOMRAM 0000D0
__pbssCOMRAM             bssCOMRAM    00000F
__pcinit                 cinit        0009C4
__pcstackCOMRAM          cstackCOMRAM 000001
__pintcode               intcode      000008
__pintcode_body          intcode_body 000806
__psmallconst            smallconst   000800
__ptext0                 text0        00093C
__ramtop                 ramtop       000800
__size_of_isr            (abs)        000000
__size_of_main           (abs)        000000
__smallconst             smallconst   000800
_close                   bitbssCOMRAM 0000D0
_data                    bssCOMRAM    000019
_i                       bssCOMRAM    00000F
_ipus                    smallconst   000800
_isr                     intcode      000008
_main                    text0        00093C
_nRBPU                   (abs)        007F8F
_nl                      bssCOMRAM    000013
_open                    bitbssCOMRAM 0000D1
_sleepy                  bitbssCOMRAM 0000D2
_time                    bssCOMRAM    000017
_warn                    bitbssCOMRAM 0000D3
end_of_initialization    cinit        0009D2
int_func                 intcode_body 000806
intlevel0                text         000000
intlevel1                text         000000
intlevel2                text         000000
intlevel3                text         000000
start                    init         000014
start_initialization     cinit        0009C4


FUNCTION INFORMATION:

 *************** function _main *****************
 Defined at:
		line 143 in file "AutoDoorOpener.c"
 Parameters:    Size  Location     Type
		None
 Auto vars:     Size  Location     Type
		None
 Return value:  Size  Location     Type
		None               void
 Registers used:
		wreg, status,2
 Tracked objects:
		On entry : 
		On exit  : 
		Unchanged: 
 Data sizes:     COMRAM   BANK0   BANK1   BANK2   BANK3   BANK4   BANK5   BANK6   BANK7
      Params:         0       0       0       0       0       0       0       0       0
      Locals:         0       0       0       0       0       0       0       0       0
      Temps:          0       0       0       0       0       0       0       0       0
      Totals:         0       0       0       0       0       0       0       0       0
Total ram usage:        0 bytes
 Hardware stack levels required when called:    1
 This function calls:
		Nothing
 This function is called by:
		Startup code after reset
 This function uses a non-reentrant model


 *************** function _isr *****************
 Defined at:
		line 76 in file "AutoDoorOpener.c"
 Parameters:    Size  Location     Type
		None
 Auto vars:     Size  Location     Type
		None
 Return value:  Size  Location     Type
		None               void
 Registers used:
		wreg, status,2, status,0
 Tracked objects:
		On entry : 
		On exit  : 
		Unchanged: 
 Data sizes:     COMRAM   BANK0   BANK1   BANK2   BANK3   BANK4   BANK5   BANK6   BANK7
      Params:         0       0       0       0       0       0       0       0       0
      Locals:         0       0       0       0       0       0       0       0       0
      Temps:         14       0       0       0       0       0       0       0       0
      Totals:        14       0       0       0       0       0       0       0       0
Total ram usage:       14 bytes
 Hardware stack levels used:    1
 This function calls:
		Nothing
 This function is called by:
		Interrupt level 2
 This function uses a non-reentrant model



MODULE INFORMATION

Module		Function		Class		Link	Load	Size
AutoDoorOpener.c
		_main          		CODE           	093C	0000	136
		_isr           		CODE           	0008	0000	2356

AutoDoorOpener.c estimated size: 2492

shared
		__initializatio		CODE           	09C4	0000	14
		_ipus          		SMALLCONST     	0800	0000	4

shared estimated size: 18

