Microchip MPLAB XC8 Compiler V1.36 ()

Linker command line:

-W-3 --edf=/opt/microchip/xc8/v1.36/dat/en_msgs.txt -cs \
  -h+dist/default/production/AutoWashingMachine.X.production.sym \
  --cmf=dist/default/production/AutoWashingMachine.X.production.cmf -z \
  -Q16F877A -o/tmp/xcX9tUBof \
  -Mdist/default/production/AutoWashingMachine.X.production.map -E1 \
  -ver=XC8 -ASTACK=0110h-016fh -pstack=STACK -ACODE=00h-07FFhx4 \
  -ASTRCODE=00h-01FFFh -ASTRING=00h-0FFhx32 -ACONST=00h-0FFhx32 \
  -AENTRY=00h-0FFhx32 -ACOMMON=070h-07Fh -ABANK0=020h-06Fh \
  -ABANK1=0A0h-0EFh -ABANK2=0110h-016Fh -ABANK3=0190h-01EFh \
  -ARAM=020h-06Fh,0A0h-0EFh,0110h-016Fh,0190h-01EFh \
  -AABS1=020h-07Fh,0A0h-0EFh,0110h-016Fh,0190h-01EFh -ASFR0=00h-01Fh \
  -ASFR1=080h-09Fh -ASFR2=0100h-010Fh -ASFR3=0180h-018Fh \
  -preset_vec=00h,intentry=04h,init,end_init -ppowerup=CODE -pcinit=CODE \
  -pfunctab=CODE -ACONFIG=02007h-02007h -pconfig=CONFIG -DCONFIG=2 \
  -AIDLOC=02000h-02003h -pidloc=IDLOC -DIDLOC=2 -AEEDATA=00h-0FFh/02100h \
  -peeprom_data=EEDATA -DEEDATA=2 -DCODE=2 -DSTRCODE=2 -DSTRING=2 -DCONST=2 \
  -DENTRY=2 -k /tmp/xcX7lx60J.obj \
  dist/default/production/AutoWashingMachine.X.production.obj 

Object code version is 3.11

Machine type is 16F877A



                Name                               Link     Load   Length Selector   Space Scale
/tmp/xcX7lx60J.obj
                end_init                             12       12        3        8       0
                reset_vec                             0        0        3        0       0
                config                             2007     2007        1     400E       0
dist/default/production/AutoWashingMachine.X.production.obj
                cinit                                15       15        D        8       0
                intentry                              4        4        E        8       0
                text24                              655      655       32        8       0
                text23                              708      708        7        8       0
                text22                              405      405       6D        8       0
                text21                              472      472       5C        8       0
                text20                              6F3      6F3        D        8       0
                text19                              6D0      6D0       15        8       0
                text18                              6B4      6B4       1C        8       0
                text17                               22       22      272        8       0
                text16                              6E5      6E5        E        8       0
                text15                              5E3      5E3       3E        8       0
                text14                              5A4      5A4       3F        8       0
                text13                              563      563       41        8       0
                text12                              51A      51A       49        8       0
                text11                              385      385       80        8       0
                text10                              4CE      4CE       4C        8       0
                text9                               621      621       34        8       0
                text8                               687      687       2D        8       0
                text7                               715      715        1        8       0
                text6                               714      714        1        8       0
                text5                               713      713        1        8       0
                text4                               712      712        1        8       0
                text3                               711      711        1        8       0
                text2                               710      710        1        8       0
                text1                               70F      70F        1        8       0
                maintext                            294      294       F1        8       0
                cstackBANK0                          34       34        2       20       1
                cstackCOMMON                         70       70        D       70       1
                clrtext                             700      700        8        8       0
                bssBANK0                             20       20       10       20       1
                bitbssBANK0                         180       30        8       20       1     8
                bitbssCOMMON                        3E8       7D        7       70       1     8
                nvBANK0                              31       31        3       20       1

TOTAL           Name                               Link     Load   Length     Space
        CLASS   STACK          

        CLASS   CODE           
                end_init                             12       12        3         0
                cinit                                15       15        D         0
                intentry                              4        4        E         0
                reset_vec                             0        0        3         0
                text24                              655      655       32         0
                text23                              708      708        7         0
                text22                              405      405       6D         0
                text21                              472      472       5C         0
                text20                              6F3      6F3        D         0
                text19                              6D0      6D0       15         0
                text18                              6B4      6B4       1C         0
                text17                               22       22      272         0
                text16                              6E5      6E5        E         0
                text15                              5E3      5E3       3E         0
                text14                              5A4      5A4       3F         0
                text13                              563      563       41         0
                text12                              51A      51A       49         0
                text11                              385      385       80         0
                text10                              4CE      4CE       4C         0
                text9                               621      621       34         0
                text8                               687      687       2D         0
                text7                               715      715        1         0
                text6                               714      714        1         0
                text5                               713      713        1         0
                text4                               712      712        1         0
                text3                               711      711        1         0
                text2                               710      710        1         0
                text1                               70F      70F        1         0
                maintext                            294      294       F1         0
                clrtext                             700      700        8         0

        CLASS   STRCODE        

        CLASS   STRING         

        CLASS   CONST          

        CLASS   ENTRY          

        CLASS   COMMON         
                cstackCOMMON                         70       70        D         1
                bitbssCOMMON                        3E8       7D        7         1

        CLASS   BANK0          
                cstackBANK0                          34       34        2         1
                bssBANK0                             20       20       10         1
                bitbssBANK0                         180       30        8         1
                nvBANK0                              31       31        3         1

        CLASS   BANK1          

        CLASS   BANK2          

        CLASS   BANK3          

        CLASS   RAM            

        CLASS   ABS1           
                abs_s1                               7E       7E        2         1

        CLASS   SFR0           

        CLASS   SFR1           

        CLASS   SFR2           

        CLASS   SFR3           

        CLASS   CONFIG         
                config                             2007     2007        1         0

        CLASS   IDLOC          

        CLASS   EEDATA         



SEGMENTS        Name                           Load    Length   Top    Selector   Space  Class     Delta

                reset_vec                      000000  000003  000003         0       0  CODE        2
                intentry                       000004  000712  000716         8       0  CODE        2
                bssBANK0                       000020  000016  000036        20       1  BANK0       1
                cstackCOMMON                   000070  00000E  00007E        70       1  COMMON      1
                config                         002007  000001  002008      400E       0  CONFIG      2


UNUSED ADDRESS RANGES

        Name                Unused          Largest block    Delta
        BANK0            0036-006F             3A           1
        BANK1            00A0-00EF             50           1
        BANK2            0110-016F             60           1
        BANK3            0190-01EF             60           1
        CODE             0003-0003              1           2
                         0716-1FFF            800
        CONST            0003-0003              1           2
                         0716-1FFF            100
        EEDATA           2100-21FF            100           2
        ENTRY            0003-0003              1           2
                         0716-1FFF            100
        IDLOC            2000-2003              4           2
        RAM              0036-006F             3A           1
                         00A0-00EF             50
                         0110-016F             60
                         0190-01EF             60
        SFR0             0000-001F             20           1
        SFR1             0080-009F             20           1
        SFR2             0100-010F             10           1
        SFR3             0180-018F             10           1
        STACK            0110-016F             60           1
        STRCODE          0003-0003              1           2
                         0716-1FFF           18EA
        STRING           0003-0003              1           2
                         0716-1FFF            100

                                  Symbol Table

?___lwmod                cstackCOMMON 0070
_ADCON0                  (abs)        001F
_ADCON1                  (abs)        009F
_CCP1CON                 (abs)        0017
_CCP2CON                 (abs)        001D
_CMCON                   (abs)        009C
_CVRCON                  (abs)        009D
_GIE                     (abs)        005F
_INTCON                  (abs)        000B
_INTF                    (abs)        0059
_OPTION_REG              (abs)        0081
_PIE1                    (abs)        008C
_PIE2                    (abs)        008D
_PIR1                    (abs)        000C
_PIR2                    (abs)        000D
_PORTC                   (abs)        0007
_PR2                     (abs)        0092
_RA0                     (abs)        0028
_RA1                     (abs)        0029
_RA2                     (abs)        002A
_RA3                     (abs)        002B
_RA5                     (abs)        002D
_RB0                     (abs)        0030
_RB1                     (abs)        0031
_RB2                     (abs)        0032
_RB3                     (abs)        0033
_RB4                     (abs)        0034
_RB5                     (abs)        0035
_RB6                     (abs)        0036
_RB7                     (abs)        0037
_RBIF                    (abs)        0058
_RC0                     (abs)        0038
_RC1                     (abs)        0039
_RC2                     (abs)        003A
_RD0                     (abs)        0040
_RD1                     (abs)        0041
_RD2                     (abs)        0042
_RD3                     (abs)        0043
_RD4                     (abs)        0044
_RD5                     (abs)        0045
_RD6                     (abs)        0046
_RD7                     (abs)        0047
_RE0                     (abs)        0048
_RE1                     (abs)        0049
_SPEN                    (abs)        00C7
_SSPEN                   (abs)        00A5
_T1CON                   (abs)        0010
_T2CON                   (abs)        0012
_TMR0                    (abs)        0001
_TMR1H                   (abs)        000F
_TMR1IF                  (abs)        0060
_TMR1L                   (abs)        000E
_TMR1ON                  (abs)        0080
_TMR2                    (abs)        0011
_TMR2IF                  (abs)        0061
_TMR2ON                  (abs)        0092
_TRISA                   (abs)        0085
_TRISA0                  (abs)        0428
_TRISB                   (abs)        0086
_TRISC                   (abs)        0087
_TRISD                   (abs)        0088
_TRISD7                  (abs)        0447
_TRISE                   (abs)        0089
__CFG_BOREN$ON           (abs)        0000
__CFG_CP$ON              (abs)        0000
__CFG_CPD$ON             (abs)        0000
__CFG_DEBUG$OFF          (abs)        0000
__CFG_FOSC$XT            (abs)        0000
__CFG_LVP$OFF            (abs)        0000
__CFG_PWRTE$ON           (abs)        0000
__CFG_WDTE$ON            (abs)        0000
__CFG_WRT$HALF           (abs)        0000
__Habs1                  abs1         0000
__Hbank0                 bank0        0000
__Hbank1                 bank1        0000
__Hbank2                 bank2        0000
__Hbank3                 bank3        0000
__HbitbssBANK0           bitbssBANK0  0000
__HbitbssCOMMON          bitbssCOMMON 0000
__HbssBANK0              bssBANK0     0000
__Hcinit                 cinit        0022
__Hclrtext               clrtext      0000
__Hcode                  code         0000
__Hcommon                common       0000
__Hconfig                config       2008
__HcstackBANK0           cstackBANK0  0000
__HcstackCOMMON          cstackCOMMON 0000
__Heeprom_data           eeprom_data  0000
__Hend_init              end_init     0015
__Hfunctab               functab      0000
__Hidloc                 idloc        0000
__Hinit                  init         0012
__Hintentry              intentry     0012
__Hmaintext              maintext     0000
__HnvBANK0               nvBANK0      0000
__Hpowerup               powerup      0000
__Hram                   ram          0000
__Hreset_vec             reset_vec    0003
__Hsfr0                  sfr0         0000
__Hsfr1                  sfr1         0000
__Hsfr2                  sfr2         0000
__Hsfr3                  sfr3         0000
__Hspace_0               (abs)        2008
__Hspace_1               (abs)        03EF
__Hspace_2               (abs)        0000
__Hspace_3               (abs)        0000
__Hstack                 stack        0000
__Hstrings               strings      0000
__Htext                  text         0000
__Labs1                  abs1         0000
__Lbank0                 bank0        0000
__Lbank1                 bank1        0000
__Lbank2                 bank2        0000
__Lbank3                 bank3        0000
__LbitbssBANK0           bitbssBANK0  0000
__LbitbssCOMMON          bitbssCOMMON 0000
__LbssBANK0              bssBANK0     0000
__Lcinit                 cinit        0015
__Lclrtext               clrtext      0000
__Lcode                  code         0000
__Lcommon                common       0000
__Lconfig                config       2007
__LcstackBANK0           cstackBANK0  0000
__LcstackCOMMON          cstackCOMMON 0000
__Leeprom_data           eeprom_data  0000
__Lend_init              end_init     0012
__Lfunctab               functab      0000
__Lidloc                 idloc        0000
__Linit                  init         0012
__Lintentry              intentry     0004
__Lmaintext              maintext     0000
__LnvBANK0               nvBANK0      0000
__Lpowerup               powerup      0000
__Lram                   ram          0000
__Lreset_vec             reset_vec    0000
__Lsfr0                  sfr0         0000
__Lsfr1                  sfr1         0000
__Lsfr2                  sfr2         0000
__Lsfr3                  sfr3         0000
__Lspace_0               (abs)        0000
__Lspace_1               (abs)        0000
__Lspace_2               (abs)        0000
__Lspace_3               (abs)        0000
__Lstack                 stack        0000
__Lstrings               strings      0000
__Ltext                  text         0000
__S0                     (abs)        2008
__S1                     (abs)        007E
__S2                     (abs)        0000
__S3                     (abs)        0000
___int_sp                stack        0000
___latbits               (abs)        0002
___lwmod                 text24       0655
___lwmod@counter         cstackCOMMON 0075
___lwmod@dividend        cstackCOMMON 0072
___lwmod@divisor         cstackCOMMON 0070
___sp                    stack        0000
__end_of___lwmod         text24       0687
__end_of__initialization cinit        001E
__end_of_discharge       text16       06F3
__end_of_init            text9        0655
__end_of_isr             text17       0294
__end_of_main            maintext     0385
__end_of_mot_off         text23       070F
__end_of_resume          text22       0472
__end_of_rev_cw          text19       06E5
__end_of_state_a         text15       0621
__end_of_state_b         text14       05E3
__end_of_state_c         text13       05A4
__end_of_state_d         text12       0563
__end_of_state_f         text11       0405
__end_of_state_g         text10       051A
__end_of_state_h         text8        06B4
__end_of_state_j         text7        0716
__end_of_state_k         text6        0715
__end_of_state_l         text5        0714
__end_of_state_m         text4        0713
__end_of_state_n         text3        0712
__end_of_state_p         text2        0711
__end_of_state_q         text1        0710
__end_of_step            text21       04CE
__end_of_step_cw         text20       0700
__end_of_suspend         text18       06D0
__initialization         cinit        0015
__pbitbssBANK0           bitbssBANK0  0180
__pbitbssCOMMON          bitbssCOMMON 03E8
__pbssBANK0              bssBANK0     0020
__pcstackBANK0           cstackBANK0  0034
__pcstackCOMMON          cstackCOMMON 0070
__pintentry              intentry     0004
__pmaintext              maintext     0294
__pnvBANK0               nvBANK0      0031
__ptext1                 text1        070F
__ptext10                text10       04CE
__ptext11                text11       0385
__ptext12                text12       051A
__ptext13                text13       0563
__ptext14                text14       05A4
__ptext15                text15       05E3
__ptext16                text16       06E5
__ptext17                text17       0022
__ptext18                text18       06B4
__ptext19                text19       06D0
__ptext2                 text2        0710
__ptext20                text20       06F3
__ptext21                text21       0472
__ptext22                text22       0405
__ptext23                text23       0708
__ptext24                text24       0655
__ptext3                 text3        0711
__ptext4                 text4        0712
__ptext5                 text5        0713
__ptext6                 text6        0714
__ptext7                 text7        0715
__ptext8                 text8        0687
__ptext9                 text9        0621
__size_of___lwmod        (abs)        0000
__size_of_discharge      (abs)        0000
__size_of_init           (abs)        0000
__size_of_isr            (abs)        0000
__size_of_main           (abs)        0000
__size_of_mot_off        (abs)        0000
__size_of_resume         (abs)        0000
__size_of_rev_cw         (abs)        0000
__size_of_state_a        (abs)        0000
__size_of_state_b        (abs)        0000
__size_of_state_c        (abs)        0000
__size_of_state_d        (abs)        0000
__size_of_state_f        (abs)        0000
__size_of_state_g        (abs)        0000
__size_of_state_h        (abs)        0000
__size_of_state_j        (abs)        0000
__size_of_state_k        (abs)        0000
__size_of_state_l        (abs)        0000
__size_of_state_m        (abs)        0000
__size_of_state_n        (abs)        0000
__size_of_state_p        (abs)        0000
__size_of_state_q        (abs)        0000
__size_of_step           (abs)        0000
__size_of_step_cw        (abs)        0000
__size_of_suspend        (abs)        0000
_cur_state               nvBANK0      0031
_cur_step                bssBANK0     0026
_discharge               text16       06E5
_dp_is_on                bitbssCOMMON 03E8
_dp_on                   bitbssCOMMON 03E9
_dp_op_time              bssBANK0     0027
_half_load               bitbssCOMMON 03EA
_ht_is_on                bitbssBANK0  0180
_ht_on                   bitbssCOMMON 03EB
_idle_time               bssBANK0     0028
_init                    text9        0621
_isr                     text17       0022
_main                    maintext     0294
_mot_high                bitbssCOMMON 03EC
_mot_is_rot              bitbssCOMMON 03ED
_mot_off                 text23       0708
_mot_rot                 bitbssCOMMON 03EE
_no_spin                 bitbssBANK0  0181
_prev_state              nvBANK0      0032
_resume                  text22       0405
_rev_cw                  text19       06D0
_rot_time                bssBANK0     0029
_seconds                 bssBANK0     002A
_skip_beg                nvBANK0      0033
_skip_end                bssBANK0     002B
_sol1_on                 bitbssBANK0  0182
_sol2_on                 bitbssBANK0  0183
_sol3_on                 bitbssBANK0  0184
_sol_is_on               bitbssBANK0  0185
_sol_op_time             bssBANK0     002C
_state_a                 text15       05E3
_state_b                 text14       05A4
_state_c                 text13       0563
_state_d                 text12       051A
_state_f                 text11       0385
_state_g                 text10       04CE
_state_h                 text8        0687
_state_j                 text7        0715
_state_k                 text6        0714
_state_l                 text5        0713
_state_m                 text4        0712
_state_n                 text3        0711
_state_p                 text2        0710
_state_q                 text1        070F
_step                    text21       0472
_step_cw                 text20       06F3
_suspend                 text18       06B4
_temp                    bssBANK0     002D
_temp_beg                bssBANK0     002E
_temp_end                bssBANK0     002F
btemp                    (abs)        007E
clear_ram0               clrtext      0700
end_of_initialization    cinit        001E
interrupt_function       intentry     0004
intlevel0                functab      0000
intlevel1                functab      0000
intlevel2                functab      0000
intlevel3                functab      0000
intlevel4                functab      0000
intlevel5                functab      0000
isr@i                    bssBANK0     0024
isr@mot_is_high          bitbssBANK0  0186
isr@mot_is_left          bitbssBANK0  0187
isr@ticks                bssBANK0     0020
ltemp                    (abs)        007E
ltemp0                   (abs)        007E
ltemp1                   (abs)        0082
ltemp2                   (abs)        0086
ltemp3                   (abs)        0080
reset_vec                reset_vec    0000
rev_cw@i                 cstackCOMMON 0072
saved_w                  (abs)        007E
stackhi                  (abs)        0000
stacklo                  (abs)        0000
start                    init         0012
start_initialization     cinit        0015
step@step_num            cstackCOMMON 0070
ttemp                    (abs)        007E
ttemp0                   (abs)        007E
ttemp1                   (abs)        0081
ttemp2                   (abs)        0084
ttemp3                   (abs)        0087
ttemp4                   (abs)        007F
wtemp                    (abs)        007E
wtemp0                   (abs)        007E
wtemp1                   (abs)        0080
wtemp2                   (abs)        0082
wtemp3                   (abs)        0084
wtemp4                   (abs)        0086
wtemp5                   (abs)        0088
wtemp6                   (abs)        007F


FUNCTION INFORMATION:

 *************** function _main *****************
 Defined at:
		line 122 in file "auto_washing_machine.c"
 Parameters:    Size  Location     Type
		None
 Auto vars:     Size  Location     Type
		None
 Return value:  Size  Location     Type
                  1    wreg      void 
 Registers used:
		wreg, status,2, status,0, pclath, cstack
 Tracked objects:
		On entry : 
		On exit  : 
		Unchanged: 
 Data sizes:     COMMON   BANK0   BANK1   BANK3   BANK2
      Params:         0       0       0       0       0
      Locals:         0       0       0       0       0
      Temps:          0       0       0       0       0
      Totals:         0       0       0       0       0
Total ram usage:        0 bytes
 Hardware stack levels required when called:    6
 This function calls:
		_init
		_state_a
		_state_b
		_state_c
		_state_d
		_state_f
		_state_g
		_state_h
		_state_j
		_state_k
		_state_l
		_state_m
		_state_n
		_state_p
		_state_q
 This function is called by:
		Startup code after reset
 This function uses a non-reentrant model


 *************** function _state_q *****************
 Defined at:
		line 652 in file "auto_washing_machine.c"
 Parameters:    Size  Location     Type
		None
 Auto vars:     Size  Location     Type
		None
 Return value:  Size  Location     Type
                  1    wreg      void 
 Registers used:
		None
 Tracked objects:
		On entry : 
		On exit  : 
		Unchanged: 
 Data sizes:     COMMON   BANK0   BANK1   BANK3   BANK2
      Params:         0       0       0       0       0
      Locals:         0       0       0       0       0
      Temps:          0       0       0       0       0
      Totals:         0       0       0       0       0
Total ram usage:        0 bytes
 Hardware stack levels used:    1
 Hardware stack levels required when called:    4
 This function calls:
		Nothing
 This function is called by:
		_main
 This function uses a non-reentrant model


 *************** function _state_p *****************
 Defined at:
		line 646 in file "auto_washing_machine.c"
 Parameters:    Size  Location     Type
		None
 Auto vars:     Size  Location     Type
		None
 Return value:  Size  Location     Type
                  1    wreg      void 
 Registers used:
		None
 Tracked objects:
		On entry : 
		On exit  : 
		Unchanged: 
 Data sizes:     COMMON   BANK0   BANK1   BANK3   BANK2
      Params:         0       0       0       0       0
      Locals:         0       0       0       0       0
      Temps:          0       0       0       0       0
      Totals:         0       0       0       0       0
Total ram usage:        0 bytes
 Hardware stack levels used:    1
 Hardware stack levels required when called:    4
 This function calls:
		Nothing
 This function is called by:
		_main
 This function uses a non-reentrant model


 *************** function _state_n *****************
 Defined at:
		line 640 in file "auto_washing_machine.c"
 Parameters:    Size  Location     Type
		None
 Auto vars:     Size  Location     Type
		None
 Return value:  Size  Location     Type
                  1    wreg      void 
 Registers used:
		None
 Tracked objects:
		On entry : 
		On exit  : 
		Unchanged: 
 Data sizes:     COMMON   BANK0   BANK1   BANK3   BANK2
      Params:         0       0       0       0       0
      Locals:         0       0       0       0       0
      Temps:          0       0       0       0       0
      Totals:         0       0       0       0       0
Total ram usage:        0 bytes
 Hardware stack levels used:    1
 Hardware stack levels required when called:    4
 This function calls:
		Nothing
 This function is called by:
		_main
 This function uses a non-reentrant model


 *************** function _state_m *****************
 Defined at:
		line 634 in file "auto_washing_machine.c"
 Parameters:    Size  Location     Type
		None
 Auto vars:     Size  Location     Type
		None
 Return value:  Size  Location     Type
                  1    wreg      void 
 Registers used:
		None
 Tracked objects:
		On entry : 
		On exit  : 
		Unchanged: 
 Data sizes:     COMMON   BANK0   BANK1   BANK3   BANK2
      Params:         0       0       0       0       0
      Locals:         0       0       0       0       0
      Temps:          0       0       0       0       0
      Totals:         0       0       0       0       0
Total ram usage:        0 bytes
 Hardware stack levels used:    1
 Hardware stack levels required when called:    4
 This function calls:
		Nothing
 This function is called by:
		_main
 This function uses a non-reentrant model


 *************** function _state_l *****************
 Defined at:
		line 628 in file "auto_washing_machine.c"
 Parameters:    Size  Location     Type
		None
 Auto vars:     Size  Location     Type
		None
 Return value:  Size  Location     Type
                  1    wreg      void 
 Registers used:
		None
 Tracked objects:
		On entry : 
		On exit  : 
		Unchanged: 
 Data sizes:     COMMON   BANK0   BANK1   BANK3   BANK2
      Params:         0       0       0       0       0
      Locals:         0       0       0       0       0
      Temps:          0       0       0       0       0
      Totals:         0       0       0       0       0
Total ram usage:        0 bytes
 Hardware stack levels used:    1
 Hardware stack levels required when called:    4
 This function calls:
		Nothing
 This function is called by:
		_main
 This function uses a non-reentrant model


 *************** function _state_k *****************
 Defined at:
		line 622 in file "auto_washing_machine.c"
 Parameters:    Size  Location     Type
		None
 Auto vars:     Size  Location     Type
		None
 Return value:  Size  Location     Type
                  1    wreg      void 
 Registers used:
		None
 Tracked objects:
		On entry : 
		On exit  : 
		Unchanged: 
 Data sizes:     COMMON   BANK0   BANK1   BANK3   BANK2
      Params:         0       0       0       0       0
      Locals:         0       0       0       0       0
      Temps:          0       0       0       0       0
      Totals:         0       0       0       0       0
Total ram usage:        0 bytes
 Hardware stack levels used:    1
 Hardware stack levels required when called:    4
 This function calls:
		Nothing
 This function is called by:
		_main
 This function uses a non-reentrant model


 *************** function _state_j *****************
 Defined at:
		line 616 in file "auto_washing_machine.c"
 Parameters:    Size  Location     Type
		None
 Auto vars:     Size  Location     Type
		None
 Return value:  Size  Location     Type
                  1    wreg      void 
 Registers used:
		None
 Tracked objects:
		On entry : 
		On exit  : 
		Unchanged: 
 Data sizes:     COMMON   BANK0   BANK1   BANK3   BANK2
      Params:         0       0       0       0       0
      Locals:         0       0       0       0       0
      Temps:          0       0       0       0       0
      Totals:         0       0       0       0       0
Total ram usage:        0 bytes
 Hardware stack levels used:    1
 Hardware stack levels required when called:    4
 This function calls:
		Nothing
 This function is called by:
		_main
 This function uses a non-reentrant model


 *************** function _state_h *****************
 Defined at:
		line 592 in file "auto_washing_machine.c"
 Parameters:    Size  Location     Type
		None
 Auto vars:     Size  Location     Type
		None
 Return value:  Size  Location     Type
                  1    wreg      void 
 Registers used:
		wreg, status,2, status,0, pclath, cstack
 Tracked objects:
		On entry : 
		On exit  : 
		Unchanged: 
 Data sizes:     COMMON   BANK0   BANK1   BANK3   BANK2
      Params:         0       0       0       0       0
      Locals:         0       0       0       0       0
      Temps:          0       1       0       0       0
      Totals:         0       1       0       0       0
Total ram usage:        1 bytes
 Hardware stack levels used:    1
 Hardware stack levels required when called:    5
 This function calls:
		_discharge
		_init
 This function is called by:
		_main
 This function uses a non-reentrant model


 *************** function _init *****************
 Defined at:
		line 239 in file "auto_washing_machine.c"
 Parameters:    Size  Location     Type
		None
 Auto vars:     Size  Location     Type
		None
 Return value:  Size  Location     Type
                  1    wreg      void 
 Registers used:
		wreg, status,2
 Tracked objects:
		On entry : 
		On exit  : 
		Unchanged: 
 Data sizes:     COMMON   BANK0   BANK1   BANK3   BANK2
      Params:         0       0       0       0       0
      Locals:         0       0       0       0       0
      Temps:          0       1       0       0       0
      Totals:         0       1       0       0       0
Total ram usage:        1 bytes
 Hardware stack levels used:    1
 Hardware stack levels required when called:    4
 This function calls:
		Nothing
 This function is called by:
		_main
		_state_h
 This function uses a non-reentrant model


 *************** function _state_g *****************
 Defined at:
		line 546 in file "auto_washing_machine.c"
 Parameters:    Size  Location     Type
		None
 Auto vars:     Size  Location     Type
		None
 Return value:  Size  Location     Type
                  1    wreg      void 
 Registers used:
		wreg, status,2, status,0, pclath, cstack
 Tracked objects:
		On entry : 
		On exit  : 
		Unchanged: 
 Data sizes:     COMMON   BANK0   BANK1   BANK3   BANK2
      Params:         0       0       0       0       0
      Locals:         0       0       0       0       0
      Temps:          0       1       0       0       0
      Totals:         0       1       0       0       0
Total ram usage:        1 bytes
 Hardware stack levels used:    1
 Hardware stack levels required when called:    5
 This function calls:
		_discharge
 This function is called by:
		_main
 This function uses a non-reentrant model


 *************** function _state_f *****************
 Defined at:
		line 468 in file "auto_washing_machine.c"
 Parameters:    Size  Location     Type
		None
 Auto vars:     Size  Location     Type
		None
 Return value:  Size  Location     Type
                  1    wreg      void 
 Registers used:
		wreg, status,2, status,0, pclath, cstack
 Tracked objects:
		On entry : 
		On exit  : 
		Unchanged: 
 Data sizes:     COMMON   BANK0   BANK1   BANK3   BANK2
      Params:         0       0       0       0       0
      Locals:         0       0       0       0       0
      Temps:          0       1       0       0       0
      Totals:         0       1       0       0       0
Total ram usage:        1 bytes
 Hardware stack levels used:    1
 Hardware stack levels required when called:    5
 This function calls:
		_discharge
 This function is called by:
		_main
 This function uses a non-reentrant model


 *************** function _state_d *****************
 Defined at:
		line 422 in file "auto_washing_machine.c"
 Parameters:    Size  Location     Type
		None
 Auto vars:     Size  Location     Type
		None
 Return value:  Size  Location     Type
                  1    wreg      void 
 Registers used:
		wreg, status,2, status,0, pclath, cstack
 Tracked objects:
		On entry : 
		On exit  : 
		Unchanged: 
 Data sizes:     COMMON   BANK0   BANK1   BANK3   BANK2
      Params:         0       0       0       0       0
      Locals:         0       0       0       0       0
      Temps:          0       1       0       0       0
      Totals:         0       1       0       0       0
Total ram usage:        1 bytes
 Hardware stack levels used:    1
 Hardware stack levels required when called:    5
 This function calls:
		_discharge
 This function is called by:
		_main
 This function uses a non-reentrant model


 *************** function _state_c *****************
 Defined at:
		line 379 in file "auto_washing_machine.c"
 Parameters:    Size  Location     Type
		None
 Auto vars:     Size  Location     Type
		None
 Return value:  Size  Location     Type
                  1    wreg      void 
 Registers used:
		wreg, status,2, status,0, pclath, cstack
 Tracked objects:
		On entry : 
		On exit  : 
		Unchanged: 
 Data sizes:     COMMON   BANK0   BANK1   BANK3   BANK2
      Params:         0       0       0       0       0
      Locals:         0       0       0       0       0
      Temps:          0       1       0       0       0
      Totals:         0       1       0       0       0
Total ram usage:        1 bytes
 Hardware stack levels used:    1
 Hardware stack levels required when called:    5
 This function calls:
		_discharge
 This function is called by:
		_main
 This function uses a non-reentrant model


 *************** function _state_b *****************
 Defined at:
		line 338 in file "auto_washing_machine.c"
 Parameters:    Size  Location     Type
		None
 Auto vars:     Size  Location     Type
		None
 Return value:  Size  Location     Type
                  1    wreg      void 
 Registers used:
		wreg, status,2, status,0, pclath, cstack
 Tracked objects:
		On entry : 
		On exit  : 
		Unchanged: 
 Data sizes:     COMMON   BANK0   BANK1   BANK3   BANK2
      Params:         0       0       0       0       0
      Locals:         0       0       0       0       0
      Temps:          0       1       0       0       0
      Totals:         0       1       0       0       0
Total ram usage:        1 bytes
 Hardware stack levels used:    1
 Hardware stack levels required when called:    5
 This function calls:
		_discharge
 This function is called by:
		_main
 This function uses a non-reentrant model


 *************** function _state_a *****************
 Defined at:
		line 296 in file "auto_washing_machine.c"
 Parameters:    Size  Location     Type
		None
 Auto vars:     Size  Location     Type
		None
 Return value:  Size  Location     Type
                  1    wreg      void 
 Registers used:
		wreg, status,2, status,0, pclath, cstack
 Tracked objects:
		On entry : 
		On exit  : 
		Unchanged: 
 Data sizes:     COMMON   BANK0   BANK1   BANK3   BANK2
      Params:         0       0       0       0       0
      Locals:         0       0       0       0       0
      Temps:          0       1       0       0       0
      Totals:         0       1       0       0       0
Total ram usage:        1 bytes
 Hardware stack levels used:    1
 Hardware stack levels required when called:    5
 This function calls:
		_discharge
 This function is called by:
		_main
 This function uses a non-reentrant model


 *************** function _discharge *****************
 Defined at:
		line 657 in file "auto_washing_machine.c"
 Parameters:    Size  Location     Type
		None
 Auto vars:     Size  Location     Type
		None
 Return value:  Size  Location     Type
                  1    wreg      void 
 Registers used:
		status,2
 Tracked objects:
		On entry : 
		On exit  : 
		Unchanged: 
 Data sizes:     COMMON   BANK0   BANK1   BANK3   BANK2
      Params:         0       0       0       0       0
      Locals:         0       0       0       0       0
      Temps:          0       0       0       0       0
      Totals:         0       0       0       0       0
Total ram usage:        0 bytes
 Hardware stack levels used:    1
 Hardware stack levels required when called:    4
 This function calls:
		Nothing
 This function is called by:
		_state_a
		_state_b
		_state_c
		_state_d
		_state_f
		_state_g
		_state_h
 This function uses a non-reentrant model


 *************** function _isr *****************
 Defined at:
		line 671 in file "auto_washing_machine.c"
 Parameters:    Size  Location     Type
		None
 Auto vars:     Size  Location     Type
		None
 Return value:  Size  Location     Type
                  1    wreg      void 
 Registers used:
		wreg, fsr0l, fsr0h, status,2, status,0, pclath, cstack
 Tracked objects:
		On entry : 
		On exit  : 
		Unchanged: 
 Data sizes:     COMMON   BANK0   BANK1   BANK3   BANK2
      Params:         0       0       0       0       0
      Locals:         0       0       0       0       0
      Temps:          7       0       0       0       0
      Totals:         7       0       0       0       0
Total ram usage:        7 bytes
 Hardware stack levels used:    1
 Hardware stack levels required when called:    3
 This function calls:
		___lwmod
		_mot_off
		_resume
		_rev_cw
		_suspend
 This function is called by:
		Interrupt level 1
 This function uses a non-reentrant model


 *************** function _suspend *****************
 Defined at:
		line 1027 in file "auto_washing_machine.c"
 Parameters:    Size  Location     Type
		None
 Auto vars:     Size  Location     Type
		None
 Return value:  Size  Location     Type
                  1    wreg      void 
 Registers used:
		wreg
 Tracked objects:
		On entry : 
		On exit  : 
		Unchanged: 
 Data sizes:     COMMON   BANK0   BANK1   BANK3   BANK2
      Params:         0       0       0       0       0
      Locals:         0       0       0       0       0
      Temps:          1       0       0       0       0
      Totals:         1       0       0       0       0
Total ram usage:        1 bytes
 Hardware stack levels used:    1
 This function calls:
		Nothing
 This function is called by:
		_isr
 This function uses a non-reentrant model


 *************** function _rev_cw *****************
 Defined at:
		line 94 in file "steppr.c"
 Parameters:    Size  Location     Type
		None
 Auto vars:     Size  Location     Type
  i               2    2[COMMON] int 
 Return value:  Size  Location     Type
                  1    wreg      void 
 Registers used:
		wreg, fsr0l, fsr0h, status,2, status,0, pclath, cstack
 Tracked objects:
		On entry : 
		On exit  : 
		Unchanged: 
 Data sizes:     COMMON   BANK0   BANK1   BANK3   BANK2
      Params:         0       0       0       0       0
      Locals:         2       0       0       0       0
      Temps:          0       0       0       0       0
      Totals:         2       0       0       0       0
Total ram usage:        2 bytes
 Hardware stack levels used:    1
 Hardware stack levels required when called:    2
 This function calls:
		_step_cw
 This function is called by:
		_isr
 This function uses a non-reentrant model


 *************** function _step_cw *****************
 Defined at:
		line 77 in file "steppr.c"
 Parameters:    Size  Location     Type
		None
 Auto vars:     Size  Location     Type
		None
 Return value:  Size  Location     Type
                  1    wreg      void 
 Registers used:
		wreg, fsr0l, fsr0h, status,2, status,0, pclath, cstack
 Tracked objects:
		On entry : 
		On exit  : 
		Unchanged: 
 Data sizes:     COMMON   BANK0   BANK1   BANK3   BANK2
      Params:         0       0       0       0       0
      Locals:         0       0       0       0       0
      Temps:          1       0       0       0       0
      Totals:         1       0       0       0       0
Total ram usage:        1 bytes
 Hardware stack levels used:    1
 Hardware stack levels required when called:    1
 This function calls:
		_step
 This function is called by:
		_rev_cw
 This function uses a non-reentrant model


 *************** function _step *****************
 Defined at:
		line 16 in file "steppr.c"
 Parameters:    Size  Location     Type
  step_num        1    wreg     unsigned char 
 Auto vars:     Size  Location     Type
  step_num        1    0[COMMON] unsigned char 
 Return value:  Size  Location     Type
                  1    wreg      void 
 Registers used:
		wreg, fsr0l, fsr0h, status,2, status,0
 Tracked objects:
		On entry : 
		On exit  : 
		Unchanged: 
 Data sizes:     COMMON   BANK0   BANK1   BANK3   BANK2
      Params:         0       0       0       0       0
      Locals:         1       0       0       0       0
      Temps:          0       0       0       0       0
      Totals:         1       0       0       0       0
Total ram usage:        1 bytes
 Hardware stack levels used:    1
 This function calls:
		Nothing
 This function is called by:
		_step_cw
		_step_ccw
 This function uses a non-reentrant model


 *************** function _resume *****************
 Defined at:
		line 987 in file "auto_washing_machine.c"
 Parameters:    Size  Location     Type
		None
 Auto vars:     Size  Location     Type
		None
 Return value:  Size  Location     Type
                  1    wreg      void 
 Registers used:
		wreg, status,2, status,0
 Tracked objects:
		On entry : 
		On exit  : 
		Unchanged: 
 Data sizes:     COMMON   BANK0   BANK1   BANK3   BANK2
      Params:         0       0       0       0       0
      Locals:         0       0       0       0       0
      Temps:          2       0       0       0       0
      Totals:         2       0       0       0       0
Total ram usage:        2 bytes
 Hardware stack levels used:    1
 This function calls:
		Nothing
 This function is called by:
		_isr
 This function uses a non-reentrant model


 *************** function _mot_off *****************
 Defined at:
		line 110 in file "steppr.c"
 Parameters:    Size  Location     Type
		None
 Auto vars:     Size  Location     Type
		None
 Return value:  Size  Location     Type
                  1    wreg      void 
 Registers used:
		None
 Tracked objects:
		On entry : 
		On exit  : 
		Unchanged: 
 Data sizes:     COMMON   BANK0   BANK1   BANK3   BANK2
      Params:         0       0       0       0       0
      Locals:         0       0       0       0       0
      Temps:          0       0       0       0       0
      Totals:         0       0       0       0       0
Total ram usage:        0 bytes
 Hardware stack levels used:    1
 This function calls:
		Nothing
 This function is called by:
		_isr
 This function uses a non-reentrant model


 *************** function ___lwmod *****************
 Defined at:
		line 6 in file "/opt/microchip/xc8/v1.36/sources/common/lwmod.c"
 Parameters:    Size  Location     Type
  divisor         2    0[COMMON] unsigned int 
  dividend        2    2[COMMON] unsigned int 
 Auto vars:     Size  Location     Type
  counter         1    5[COMMON] unsigned char 
 Return value:  Size  Location     Type
                  2    0[COMMON] unsigned int 
 Registers used:
		wreg, status,2, status,0
 Tracked objects:
		On entry : 
		On exit  : 
		Unchanged: 
 Data sizes:     COMMON   BANK0   BANK1   BANK3   BANK2
      Params:         4       0       0       0       0
      Locals:         1       0       0       0       0
      Temps:          1       0       0       0       0
      Totals:         6       0       0       0       0
Total ram usage:        6 bytes
 Hardware stack levels used:    1
 This function calls:
		Nothing
 This function is called by:
		_isr
 This function uses a non-reentrant model



MODULE INFORMATION

Module		Function		Class		Link	Load	Size
auto_washing_machine.c
		_state_p       		CODE           	0710	0000	2
		_init          		CODE           	0621	0000	53
		_state_c       		CODE           	0563	0000	66
		_state_f       		CODE           	0385	0000	129
		_state_l       		CODE           	0713	0000	2
		_main          		CODE           	0294	0000	242
		_suspend       		CODE           	06B4	0000	29
		_state_b       		CODE           	05A4	0000	64
		_state_h       		CODE           	0687	0000	46
		_discharge     		CODE           	06E5	0000	15
		_isr           		CODE           	0022	0000	627
		_state_k       		CODE           	0714	0000	2
		_state_n       		CODE           	0711	0000	2
		_state_a       		CODE           	05E3	0000	63
		_state_q       		CODE           	070F	0000	2
		_state_d       		CODE           	051A	0000	74
		_state_g       		CODE           	04CE	0000	77
		_state_j       		CODE           	0715	0000	2
		_resume        		CODE           	0405	0000	110
		_state_m       		CODE           	0712	0000	2

auto_washing_machine.c estimated size: 1609

/opt/microchip/xc8/v1.36/sources/common/lwmod.c
		___lwmod       		CODE           	0655	0000	51

/opt/microchip/xc8/v1.36/sources/common/lwmod.c estimated size: 51

shared
		__initialization		CODE           	0015	0000	10

shared estimated size: 10

steppr.c
		_step_cw       		CODE           	06F3	0000	14
		_mot_off       		CODE           	0708	0000	8
		_rev_cw        		CODE           	06D0	0000	22
		_step          		CODE           	0472	0000	93

steppr.c estimated size: 137

