Microchip MPLAB XC8 Compiler V1.35 ()

Linker command line:

-W-3 --edf=/opt/microchip/xc8/v1.35/dat/en_msgs.txt -cs \
  -h+dist/default/production/AutWashingMachine.X.production.sym \
  --cmf=dist/default/production/AutWashingMachine.X.production.cmf -z \
  -Q16F877A -o/tmp/xcXxuq1FN \
  -Mdist/default/production/AutWashingMachine.X.production.map -E1 -ver=XC8 \
  -ASTACK=0110h-016fh -pstack=STACK -ACODE=00h-07FFhx4 -ASTRCODE=00h-01FFFh \
  -ASTRING=00h-0FFhx32 -ACONST=00h-0FFhx32 -AENTRY=00h-0FFhx32 \
  -ACOMMON=070h-07Fh -ABANK0=020h-06Fh -ABANK1=0A0h-0EFh \
  -ABANK2=0110h-016Fh -ABANK3=0190h-01EFh \
  -ARAM=020h-06Fh,0A0h-0EFh,0110h-016Fh,0190h-01EFh \
  -AABS1=020h-07Fh,0A0h-0EFh,0110h-016Fh,0190h-01EFh -ASFR0=00h-01Fh \
  -ASFR1=080h-09Fh -ASFR2=0100h-010Fh -ASFR3=0180h-018Fh \
  -preset_vec=00h,intentry=04h,init,end_init -ppowerup=CODE -pcinit=CODE \
  -pfunctab=CODE -ACONFIG=02007h-02007h -pconfig=CONFIG -DCONFIG=2 \
  -AIDLOC=02000h-02003h -pidloc=IDLOC -DIDLOC=2 -AEEDATA=00h-0FFh/02100h \
  -peeprom_data=EEDATA -DEEDATA=2 -DCODE=2 -DSTRCODE=2 -DSTRING=2 -DCONST=2 \
  -DENTRY=2 -k /tmp/xcXKj0RpK.obj \
  dist/default/production/AutWashingMachine.X.production.obj 

Object code version is 3.11

Machine type is 16F877A



                Name                               Link     Load   Length Selector   Space Scale
/tmp/xcXKj0RpK.obj
                end_init                             12       12        3        8       0
                reset_vec                             0        0        3        0       0
                config                             2007     2007        1     400E       0
dist/default/production/AutWashingMachine.X.production.obj
                cinit                                15       15        D        8       0
                intentry                              4        4        E        8       0
                text7                               2BC      2BC       56        8       0
                text6                               3CE      3CE       1F        8       0
                text5                               312      312       46        8       0
                text4                               3ED      3ED       10        8       0
                text3                               393      393       3B        8       0
                text2                                22       22      201        8       0
                text1                               358      358       3B        8       0
                maintext                            223      223       99        8       0
                cstackBANK0                          5A       5A        3       20       1
                cstackCOMMON                         70       70        A       70       1
                clrtext                             3FD      3FD        8        8       0
                bssBANK0                             20       20       3A       20       1
                bitbssCOMMON                        3D0       7A        9       70       1     8
                nvBANK0                              5D       5D        2       20       1
                bitnvCOMMON                         3E8       7D        1       70       1     8
                nvCOMMON                             7C       7C        1       70       1

TOTAL           Name                               Link     Load   Length     Space
        CLASS   STACK          

        CLASS   CODE           
                end_init                             12       12        3         0
                cinit                                15       15        D         0
                intentry                              4        4        E         0
                reset_vec                             0        0        3         0
                text7                               2BC      2BC       56         0
                text6                               3CE      3CE       1F         0
                text5                               312      312       46         0
                text4                               3ED      3ED       10         0
                text3                               393      393       3B         0
                text2                                22       22      201         0
                text1                               358      358       3B         0
                maintext                            223      223       99         0
                clrtext                             3FD      3FD        8         0

        CLASS   STRCODE        

        CLASS   STRING         

        CLASS   CONST          

        CLASS   ENTRY          

        CLASS   COMMON         
                cstackCOMMON                         70       70        A         1
                bitbssCOMMON                        3D0       7A        9         1
                bitnvCOMMON                         3E8       7D        1         1
                nvCOMMON                             7C       7C        1         1

        CLASS   BANK0          
                cstackBANK0                          5A       5A        3         1
                bssBANK0                             20       20       3A         1
                nvBANK0                              5D       5D        2         1

        CLASS   BANK1          

        CLASS   BANK2          

        CLASS   BANK3          

        CLASS   RAM            

        CLASS   ABS1           
                abs_s1                               7E       7E        2         1

        CLASS   SFR0           

        CLASS   SFR1           

        CLASS   SFR2           

        CLASS   SFR3           

        CLASS   CONFIG         
                config                             2007     2007        1         0

        CLASS   IDLOC          

        CLASS   EEDATA         



SEGMENTS        Name                           Load    Length   Top    Selector   Space  Class     Delta

                reset_vec                      000000  000003  000003         0       0  CODE        2
                intentry                       000004  000401  000405         8       0  CODE        2
                bssBANK0                       000020  00003F  00005F        20       1  BANK0       1
                cstackCOMMON                   000070  00000E  00007E        70       1  COMMON      1
                config                         002007  000001  002008      400E       0  CONFIG      2


UNUSED ADDRESS RANGES

        Name                Unused          Largest block    Delta
        BANK0            005F-006F             11           1
        BANK1            00A0-00EF             50           1
        BANK2            0110-016F             60           1
        BANK3            0190-01EF             60           1
        CODE             0003-0003              1           2
                         0405-1FFF            800
        CONST            0003-0003              1           2
                         0405-1FFF            100
        EEDATA           2100-21FF            100           2
        ENTRY            0003-0003              1           2
                         0405-1FFF            100
        IDLOC            2000-2003              4           2
        RAM              005F-006F             11           1
                         00A0-00EF             50
                         0110-016F             60
                         0190-01EF             60
        SFR0             0000-001F             20           1
        SFR1             0080-009F             20           1
        SFR2             0100-010F             10           1
        SFR3             0180-018F             10           1
        STACK            0110-016F             60           1
        STRCODE          0003-0003              1           2
                         0405-1FFF           1BFB
        STRING           0003-0003              1           2
                         0405-1FFF            100

                                  Symbol Table

_ADCON0                       (abs)        001F
_ADCON1                       (abs)        009F
_CCP1CON                      (abs)        0017
_CCP2CON                      (abs)        001D
_CMCON                        (abs)        009C
_CVRCON                       (abs)        009D
_GIE                          (abs)        005F
_INTCON                       (abs)        000B
_INTF                         (abs)        0059
_OPTION_REG                   (abs)        0081
_PIE1                         (abs)        008C
_PIE2                         (abs)        008D
_PIR1                         (abs)        000C
_PIR2                         (abs)        000D
_PORTC                        (abs)        0007
_PR2                          (abs)        0092
_RA0                          (abs)        0028
_RA1                          (abs)        0029
_RA2                          (abs)        002A
_RB1                          (abs)        0031
_RB2                          (abs)        0032
_RB3                          (abs)        0033
_RB4                          (abs)        0034
_RB5                          (abs)        0035
_RB6                          (abs)        0036
_RB7                          (abs)        0037
_RBIF                         (abs)        0058
_RC0                          (abs)        0038
_RC1                          (abs)        0039
_RC2                          (abs)        003A
_RD0                          (abs)        0040
_RD1                          (abs)        0041
_RD4                          (abs)        0044
_RD5                          (abs)        0045
_RD6                          (abs)        0046
_RD7                          (abs)        0047
_RE0                          (abs)        0048
_RE1                          (abs)        0049
_SPEN                         (abs)        00C7
_SSPEN                        (abs)        00A5
_T1CON                        (abs)        0010
_T2CON                        (abs)        0012
_TMR0                         (abs)        0001
_TMR1H                        (abs)        000F
_TMR1IF                       (abs)        0060
_TMR1L                        (abs)        000E
_TMR1ON                       (abs)        0080
_TMR2                         (abs)        0011
_TMR2IF                       (abs)        0061
_TMR2ON                       (abs)        0092
_TRISA                        (abs)        0085
_TRISB                        (abs)        0086
_TRISC                        (abs)        0087
_TRISD                        (abs)        0088
_TRISD7                       (abs)        0447
_TRISE                        (abs)        0089
__CFG_BOREN$ON                (abs)        0000
__CFG_CP$ON                   (abs)        0000
__CFG_CPD$ON                  (abs)        0000
__CFG_DEBUG$OFF               (abs)        0000
__CFG_FOSC$XT                 (abs)        0000
__CFG_LVP$OFF                 (abs)        0000
__CFG_PWRTE$ON                (abs)        0000
__CFG_WDTE$ON                 (abs)        0000
__CFG_WRT$HALF                (abs)        0000
__Habs1                       abs1         0000
__Hbank0                      bank0        0000
__Hbank1                      bank1        0000
__Hbank2                      bank2        0000
__Hbank3                      bank3        0000
__HbitbssCOMMON               bitbssCOMMON 0000
__HbitnvCOMMON                bitnvCOMMON  0000
__HbssBANK0                   bssBANK0     0000
__Hcinit                      cinit        0022
__Hclrtext                    clrtext      0000
__Hcode                       code         0000
__Hcommon                     common       0000
__Hconfig                     config       2008
__HcstackBANK0                cstackBANK0  0000
__HcstackCOMMON               cstackCOMMON 0000
__Heeprom_data                eeprom_data  0000
__Hend_init                   end_init     0015
__Hfunctab                    functab      0000
__Hidloc                      idloc        0000
__Hinit                       init         0012
__Hintentry                   intentry     0012
__Hmaintext                   maintext     0000
__HnvBANK0                    nvBANK0      0000
__HnvCOMMON                   nvCOMMON     0000
__Hpowerup                    powerup      0000
__Hram                        ram          0000
__Hreset_vec                  reset_vec    0003
__Hsfr0                       sfr0         0000
__Hsfr1                       sfr1         0000
__Hsfr2                       sfr2         0000
__Hsfr3                       sfr3         0000
__Hspace_0                    (abs)        2008
__Hspace_1                    (abs)        03E9
__Hspace_2                    (abs)        0000
__Hspace_3                    (abs)        0000
__Hstack                      stack        0000
__Hstrings                    strings      0000
__Htext                       text         0000
__Labs1                       abs1         0000
__Lbank0                      bank0        0000
__Lbank1                      bank1        0000
__Lbank2                      bank2        0000
__Lbank3                      bank3        0000
__LbitbssCOMMON               bitbssCOMMON 0000
__LbitnvCOMMON                bitnvCOMMON  0000
__LbssBANK0                   bssBANK0     0000
__Lcinit                      cinit        0015
__Lclrtext                    clrtext      0000
__Lcode                       code         0000
__Lcommon                     common       0000
__Lconfig                     config       2007
__LcstackBANK0                cstackBANK0  0000
__LcstackCOMMON               cstackCOMMON 0000
__Leeprom_data                eeprom_data  0000
__Lend_init                   end_init     0012
__Lfunctab                    functab      0000
__Lidloc                      idloc        0000
__Linit                       init         0012
__Lintentry                   intentry     0004
__Lmaintext                   maintext     0000
__LnvBANK0                    nvBANK0      0000
__LnvCOMMON                   nvCOMMON     0000
__Lpowerup                    powerup      0000
__Lram                        ram          0000
__Lreset_vec                  reset_vec    0000
__Lsfr0                       sfr0         0000
__Lsfr1                       sfr1         0000
__Lsfr2                       sfr2         0000
__Lsfr3                       sfr3         0000
__Lspace_0                    (abs)        0000
__Lspace_1                    (abs)        0000
__Lspace_2                    (abs)        0000
__Lspace_3                    (abs)        0000
__Lstack                      stack        0000
__Lstrings                    strings      0000
__Ltext                       text         0000
__S0                          (abs)        2008
__S1                          (abs)        007E
__S2                          (abs)        0000
__S3                          (abs)        0000
___int_sp                     stack        0000
___latbits                    (abs)        0002
___sp                         stack        0000
__end_of__initialization      cinit        001E
__end_of_begin_current_state  text7        0312
__end_of_isr                  text2        0223
__end_of_main                 maintext     02BC
__end_of_resume               text6        03ED
__end_of_state_jump           text5        0358
__end_of_suspend              text4        03FD
__end_of_terminate            text1        0393
__end_ofi1_terminate          text3        03CE
__initialization              cinit        0015
__pbitbssCOMMON               bitbssCOMMON 03D0
__pbitnvCOMMON                bitnvCOMMON  03E8
__pbssBANK0                   bssBANK0     0020
__pcstackBANK0                cstackBANK0  005A
__pcstackCOMMON               cstackCOMMON 0070
__pintentry                   intentry     0004
__pmaintext                   maintext     0223
__pnvBANK0                    nvBANK0      005D
__pnvCOMMON                   nvCOMMON     007C
__ptext1                      text1        0358
__ptext2                      text2        0022
__ptext3                      text3        0393
__ptext4                      text4        03ED
__ptext5                      text5        0312
__ptext6                      text6        03CE
__ptext7                      text7        02BC
__size_of_begin_current_state (abs)        0000
__size_of_isr                 (abs)        0000
__size_of_main                (abs)        0000
__size_of_resume              (abs)        0000
__size_of_state_jump          (abs)        0000
__size_of_suspend             (abs)        0000
__size_of_terminate           (abs)        0000
__size_ofi1_terminate         (abs)        0000
_back_cur_state               nvBANK0      005D
_begin_current_state          text7        02BC
_cur_state                    nvCOMMON     007C
_door_open                    bitbssCOMMON 03D0
_dp_on                        bitbssCOMMON 03D1
_dpump_op_time                bssBANK0     0050
_half_load                    bitbssCOMMON 03D2
_ht_on                        bitbssCOMMON 03D3
_isr                          text2        0022
_main                         maintext     0223
_minutes                      bssBANK0     0051
_mot_active                   bitbssCOMMON 03D4
_mot_rot                      bitbssCOMMON 03D5
_prev_state                   bssBANK0     0052
_resume                       text6        03CE
_rot_dir_time                 bssBANK0     0053
_rot_spin_time                bssBANK0     0054
_rot_spin_timeout             bssBANK0     0055
_seconds                      bssBANK0     0056
_skip_beg                     bssBANK0     0057
_skip_end                     nvBANK0      005E
_sol1_on                      bitbssCOMMON 03D6
_sol2_on                      bitbssCOMMON 03D7
_sol3_on                      bitbssCOMMON 03D8
_sol_op_time                  bssBANK0     0058
_spin                         bitnvCOMMON  03E8
_state_jump                   text5        0312
_state_led                    bssBANK0     0020
_state_rot_timeout            bssBANK0     0040
_suspend                      text4        03ED
_temp                         bssBANK0     0059
_terminate                    text1        0358
btemp                         (abs)        007E
clear_ram0                    clrtext      03FD
end_of_initialization         cinit        001E
i1_terminate                  text3        0393
interrupt_function            intentry     0004
intlevel0                     functab      0000
intlevel1                     functab      0000
intlevel2                     functab      0000
intlevel3                     functab      0000
intlevel4                     functab      0000
intlevel5                     functab      0000
ltemp                         (abs)        007E
ltemp0                        (abs)        007E
ltemp1                        (abs)        0082
ltemp2                        (abs)        0086
ltemp3                        (abs)        0080
reset_vec                     reset_vec    0000
saved_w                       (abs)        007E
stackhi                       (abs)        0000
stacklo                       (abs)        0000
start                         init         0012
start_initialization          cinit        0015
ttemp                         (abs)        007E
ttemp0                        (abs)        007E
ttemp1                        (abs)        0081
ttemp2                        (abs)        0084
ttemp3                        (abs)        0087
ttemp4                        (abs)        007F
wtemp                         (abs)        007E
wtemp0                        (abs)        007E
wtemp1                        (abs)        0080
wtemp2                        (abs)        0082
wtemp3                        (abs)        0084
wtemp4                        (abs)        0086
wtemp5                        (abs)        0088
wtemp6                        (abs)        007F


FUNCTION INFORMATION:

 *************** function _main *****************
 Defined at:
		line 70 in file "auto_washing_machine.c"
 Parameters:    Size  Location     Type
		None
 Auto vars:     Size  Location     Type
		None
 Return value:  Size  Location     Type
		None               void
 Registers used:
		wreg, status,2, status,0, pclath, cstack
 Tracked objects:
		On entry : 
		On exit  : 
		Unchanged: 
 Data sizes:     COMMON   BANK0   BANK1   BANK3   BANK2
      Params:         0       0       0       0       0
      Locals:         0       0       0       0       0
      Temps:          0       1       0       0       0
      Totals:         0       1       0       0       0
Total ram usage:        1 bytes
 Hardware stack levels required when called:    4
 This function calls:
		_terminate
 This function is called by:
		Startup code after reset
 This function uses a non-reentrant model


 *************** function _terminate *****************
 Defined at:
		line 500 in file "auto_washing_machine.c"
 Parameters:    Size  Location     Type
		None
 Auto vars:     Size  Location     Type
		None
 Return value:  Size  Location     Type
		None               void
 Registers used:
		wreg, status,2, status,0
 Tracked objects:
		On entry : 
		On exit  : 
		Unchanged: 
 Data sizes:     COMMON   BANK0   BANK1   BANK3   BANK2
      Params:         0       0       0       0       0
      Locals:         0       0       0       0       0
      Temps:          0       2       0       0       0
      Totals:         0       2       0       0       0
Total ram usage:        2 bytes
 Hardware stack levels used:    1
 Hardware stack levels required when called:    3
 This function calls:
		Nothing
 This function is called by:
		_main
 This function uses a non-reentrant model


 *************** function _isr *****************
 Defined at:
		line 189 in file "auto_washing_machine.c"
 Parameters:    Size  Location     Type
		None
 Auto vars:     Size  Location     Type
		None
 Return value:  Size  Location     Type
		None               void
 Registers used:
		wreg, fsr0l, fsr0h, status,2, status,0, pclath, cstack
 Tracked objects:
		On entry : 
		On exit  : 
		Unchanged: 
 Data sizes:     COMMON   BANK0   BANK1   BANK3   BANK2
      Params:         0       0       0       0       0
      Locals:         0       0       0       0       0
      Temps:          7       0       0       0       0
      Totals:         7       0       0       0       0
Total ram usage:        7 bytes
 Hardware stack levels used:    1
 Hardware stack levels required when called:    2
 This function calls:
		_begin_current_state
		_state_jump
		_suspend
		i1_terminate
 This function is called by:
		Interrupt level 1
 This function uses a non-reentrant model


 *************** function i1_terminate *****************
 Defined at:
		line 500 in file "auto_washing_machine.c"
 Parameters:    Size  Location     Type
		None
 Auto vars:     Size  Location     Type
		None
 Return value:  Size  Location     Type
		None               void
 Registers used:
		wreg, status,2, status,0
 Tracked objects:
		On entry : 
		On exit  : 
		Unchanged: 
 Data sizes:     COMMON   BANK0   BANK1   BANK3   BANK2
      Params:         0       0       0       0       0
      Locals:         0       0       0       0       0
      Temps:          2       0       0       0       0
      Totals:         2       0       0       0       0
Total ram usage:        2 bytes
 Hardware stack levels used:    1
 This function calls:
		Nothing
 This function is called by:
		_isr
 This function uses a non-reentrant model


 *************** function _suspend *****************
 Defined at:
		line 655 in file "auto_washing_machine.c"
 Parameters:    Size  Location     Type
		None
 Auto vars:     Size  Location     Type
		None
 Return value:  Size  Location     Type
		None               void
 Registers used:
		wreg
 Tracked objects:
		On entry : 
		On exit  : 
		Unchanged: 
 Data sizes:     COMMON   BANK0   BANK1   BANK3   BANK2
      Params:         0       0       0       0       0
      Locals:         0       0       0       0       0
      Temps:          1       0       0       0       0
      Totals:         1       0       0       0       0
Total ram usage:        1 bytes
 Hardware stack levels used:    1
 This function calls:
		Nothing
 This function is called by:
		_isr
 This function uses a non-reentrant model


 *************** function _state_jump *****************
 Defined at:
		line 581 in file "auto_washing_machine.c"
 Parameters:    Size  Location     Type
		None
 Auto vars:     Size  Location     Type
		None
 Return value:  Size  Location     Type
		None               void
 Registers used:
		wreg, fsr0l, fsr0h, status,2, status,0, pclath, cstack
 Tracked objects:
		On entry : 
		On exit  : 
		Unchanged: 
 Data sizes:     COMMON   BANK0   BANK1   BANK3   BANK2
      Params:         0       0       0       0       0
      Locals:         0       0       0       0       0
      Temps:          1       0       0       0       0
      Totals:         1       0       0       0       0
Total ram usage:        1 bytes
 Hardware stack levels used:    1
 Hardware stack levels required when called:    1
 This function calls:
		_resume
 This function is called by:
		_isr
 This function uses a non-reentrant model


 *************** function _resume *****************
 Defined at:
		line 550 in file "auto_washing_machine.c"
 Parameters:    Size  Location     Type
		None
 Auto vars:     Size  Location     Type
		None
 Return value:  Size  Location     Type
		None               void
 Registers used:
		None
 Tracked objects:
		On entry : 
		On exit  : 
		Unchanged: 
 Data sizes:     COMMON   BANK0   BANK1   BANK3   BANK2
      Params:         0       0       0       0       0
      Locals:         0       0       0       0       0
      Temps:          0       0       0       0       0
      Totals:         0       0       0       0       0
Total ram usage:        0 bytes
 Hardware stack levels used:    1
 This function calls:
		Nothing
 This function is called by:
		_state_jump
 This function uses a non-reentrant model


 *************** function _begin_current_state *****************
 Defined at:
		line 617 in file "auto_washing_machine.c"
 Parameters:    Size  Location     Type
		None
 Auto vars:     Size  Location     Type
		None
 Return value:  Size  Location     Type
		None               void
 Registers used:
		wreg, fsr0l, fsr0h, status,2, status,0
 Tracked objects:
		On entry : 
		On exit  : 
		Unchanged: 
 Data sizes:     COMMON   BANK0   BANK1   BANK3   BANK2
      Params:         0       0       0       0       0
      Locals:         0       0       0       0       0
      Temps:          3       0       0       0       0
      Totals:         3       0       0       0       0
Total ram usage:        3 bytes
 Hardware stack levels used:    1
 This function calls:
		Nothing
 This function is called by:
		_isr
 This function uses a non-reentrant model



MODULE INFORMATION

Module		Function		Class		Link	Load	Size
auto_washing_machine.c
		_main          		CODE           	0223	0000	154
		_terminate     		CODE           	0358	0000	60
		_suspend       		CODE           	03ED	0000	17
		_begin_current_state		CODE           	02BC	0000	87
		_isr           		CODE           	0022	0000	514
		_state_jump    		CODE           	0312	0000	71
		_resume        		CODE           	03CE	0000	32

auto_washing_machine.c estimated size: 935

shared
		__initialization		CODE           	0015	0000	10
		i1_terminate   		CODE           	0393	0000	60

shared estimated size: 70

