Microchip MPLAB XC8 Compiler V1.21 ()

Linker command line:

--edf=/opt/microchip/xc8/v1.21/dat/en_msgs.txt -cs \
  -h+dist/default/production/CarPassword.X.production.sym \
  --cmf=dist/default/production/CarPassword.X.production.cmf -z -Q16F877A \
  -o/tmp/cgtB8UwrW -Mdist/default/production/CarPassword.X.production.map \
  -E1 -ver=XC8 -ACONST=00h-0FFhx32 -ACODE=00h-07FFhx4 -ASTRCODE=00h-01FFFh \
  -AENTRY=00h-0FFhx32 -ASTRING=00h-0FFhx32 -ACOMMON=070h-07Fh \
  -ABANK0=020h-06Fh -ABANK1=0A0h-0EFh -ABANK2=0110h-016Fh \
  -ABANK3=0190h-01EFh -ARAM=020h-06Fh,0A0h-0EFh,0110h-016Fh,0190h-01EFh \
  -AABS1=020h-07Fh,0A0h-0EFh,0110h-016Fh,0190h-01EFh -ASFR0=00h-01Fh \
  -ASFR1=080h-09Fh -ASFR2=0100h-010Fh -ASFR3=0180h-018Fh \
  -preset_vec=00h,intentry=04h,init,end_init -ppowerup=CODE -pcinit=CODE \
  -pfunctab=CODE -ACONFIG=02007h-02007h -pconfig=CONFIG -DCONFIG=2 \
  -AIDLOC=02000h-02003h -pidloc=IDLOC -DIDLOC=2 -AEEDATA=00h-0FFh/02100h \
  -peeprom_data=EEDATA -DEEDATA=2 -DCODE=2 -DSTRCODE=2 -DSTRING=2 -DCONST=2 \
  -DENTRY=2 -k /tmp/cgtHUjqYp.obj \
  dist/default/production/CarPassword.X.production.obj 

Object code version is 3.11

Machine type is 16F877A



                Name                               Link     Load   Length Selector   Space Scale
/tmp/cgtHUjqYp.obj
                end_init                             12       12        3        8       0
                reset_vec                             0        0        3        0       0
                config                             2007     2007        1     400E       0
dist/default/production/CarPassword.X.production.obj
                cinit                                15       15       29        8       0
                intentry                              4        4        E        8       0
                text16                             164F     164F       1B     2C9E       0
                text15                             163C     163C        2     2C78       0
                text14                              800      800        2        8       0
                text13                             16F8     16F8       3F     2DF0       0
                text12                             1690     1690       32     2D20       0
                text11                              839      839      154     1072       0
                text10                               3E       3E      3E2        8       0
                text9                               AE8      AE8      16A     15D0       0
                text8                              166A     166A       26     2CD4       0
                text7                               98D      98D      15B     131A       0
                text6                              1737     1737       3F     2E6E       0
                text5                               420      420      3C2        8       0
                text4                               802      802       37     1004       0
                text3                               C52      C52      1C3     18A4       0
                text2                              16C2     16C2       36     2D84       0
                text1                               E15      E15      1EB     1C2A       0
                maintext                           17B5     17B5       4B     2F6A       0
                cstackBANK0                          3E       3E       19       20       1
                cstackCOMMON                         70       70        E       70       1
                cstackBANK1                          DF       DF        6       A0       1
                inittext                           163E     163E       11     2C7C       0
                dataBANK1                            A0       A0       3F       A0       1
                dataBANK0                            20       20       1E       20       1
                bssBANK0                             57       57        B       20       1
                bitbssBANK0                         310       62        6       20       1     8
                bitnvBANK0                          318       63        3       20       1     8
                idataBANK1                         1776     1776       3F     2EEC       0
                idataBANK0                          7E2      7E2       1E        8       0

TOTAL           Name                               Link     Load   Length     Space
        CLASS   CONST          

        CLASS   CODE           
                end_init                             12       12        3         0
                cinit                                15       15       29         0
                intentry                              4        4        E         0
                reset_vec                             0        0        3         0
                text16                             164F     164F       1B         0
                text15                             163C     163C        2         0
                text14                              800      800        2         0
                text13                             16F8     16F8       3F         0
                text12                             1690     1690       32         0
                text11                              839      839      154         0
                text10                               3E       3E      3E2         0
                text9                               AE8      AE8      16A         0
                text8                              166A     166A       26         0
                text7                               98D      98D      15B         0
                text6                              1737     1737       3F         0
                text5                               420      420      3C2         0
                text4                               802      802       37         0
                text3                               C52      C52      1C3         0
                text2                              16C2     16C2       36         0
                text1                               E15      E15      1EB         0
                maintext                           17B5     17B5       4B         0
                inittext                           163E     163E       11         0
                idataBANK1                         1776     1776       3F         0
                idataBANK0                          7E2      7E2       1E         0

        CLASS   STRCODE        

        CLASS   ENTRY          

        CLASS   STRING         

        CLASS   COMMON         
                cstackCOMMON                         70       70        E         1

        CLASS   BANK0          
                cstackBANK0                          3E       3E       19         1
                dataBANK0                            20       20       1E         1
                bssBANK0                             57       57        B         1
                bitbssBANK0                         310       62        6         1
                bitnvBANK0                          318       63        3         1

        CLASS   BANK1          
                cstackBANK1                          DF       DF        6         1
                dataBANK1                            A0       A0       3F         1

        CLASS   BANK2          

        CLASS   BANK3          

        CLASS   RAM            

        CLASS   ABS1           
                abs_s1                               7E       7E        2         1

        CLASS   SFR0           

        CLASS   SFR1           

        CLASS   SFR2           

        CLASS   SFR3           

        CLASS   CONFIG         
                config                             2007     2007        1         0

        CLASS   IDLOC          

        CLASS   EEDATA         



SEGMENTS        Name                           Load    Length   Top    Selector   Space  Class     Delta

                reset_vec                      000000  000003  000003         0       0  CODE        2
                intentry                       000004  0007FE  000802         8       0  CODE        2
                dataBANK0                      000020  000044  000064        20       1  BANK0       1
                cstackCOMMON                   000070  00000E  00007E        70       1  COMMON      1
                dataBANK1                      0000A0  000045  0000E5        A0       1  BANK1       1
                text4                          000802  000037  000839      1004       0  CODE        2
                text11                         000839  000154  00098D      1072       0  CODE        2
                text7                          00098D  00015B  000AE8      131A       0  CODE        2
                text9                          000AE8  00016A  000C52      15D0       0  CODE        2
                text3                          000C52  0001C3  000E15      18A4       0  CODE        2
                text1                          000E15  0001EB  001000      1C2A       0  CODE        2
                text15                         00163C  000002  00163E      2C78       0  CODE        2
                inittext                       00163E  000011  00164F      2C7C       0  CODE        2
                text16                         00164F  00001B  00166A      2C9E       0  CODE        2
                text8                          00166A  000026  001690      2CD4       0  CODE        2
                text12                         001690  000032  0016C2      2D20       0  CODE        2
                text2                          0016C2  000036  0016F8      2D84       0  CODE        2
                text13                         0016F8  00003F  001737      2DF0       0  CODE        2
                text6                          001737  00003F  001776      2E6E       0  CODE        2
                idataBANK1                     001776  00003F  0017B5      2EEC       0  CODE        2
                maintext                       0017B5  00004B  001800      2F6A       0  CODE        2
                config                         002007  000001  002008      400E       0  CONFIG      2


UNUSED ADDRESS RANGES

        Name                Unused          Largest block    Delta
        BANK0            0064-006F              C           1
        BANK1            00E5-00EF              B           1
        BANK2            0110-016F             60           1
        BANK3            0190-01EF             60           1
        CODE             0003-0003              1           2
                         1000-163B            63C
                         1800-1FFF            800
        CONST            0003-0003              1           2
                         1000-163B            100
                         1800-1FFF            100
        EEDATA           2100-21FF            100           2
        ENTRY            0003-0003              1           2
                         1000-163B            100
                         1800-1FFF            100
        IDLOC            2000-2003              4           2
        RAM              0064-006F              C           1
                         00E5-00EF              B
                         0110-016F             60
                         0190-01EF             60
        SFR0             0000-001F             20           1
        SFR1             0080-009F             20           1
        SFR2             0100-010F             10           1
        SFR3             0180-018F             10           1
        STRCODE          0003-0003              1           2
                         1000-163B            63C
                         1800-1FFF            800
        STRING           0003-0003              1           2
                         1000-163B            100
                         1800-1FFF            100

                                  Symbol Table

?___lmul                 cstackCOMMON 0070
?_disp                   cstackCOMMON 0072
?_eeprom_write           cstackCOMMON 0070
_ADCON1                  (abs)        009F
_ADON                    (abs)        00F8
_B                       bitbssBANK0  0310
_C                       bitbssBANK0  0311
_CARRY                   (abs)        0018
_CMCON                   (abs)        009C
_CVREN                   (abs)        04EF
_D                       bitnvBANK0   0318
_EEADR                   (abs)        010D
_EECON1                  (abs)        018C
_EECON2                  (abs)        018D
_EEDATA                  (abs)        010C
_F                       bitbssBANK0  0312
_GIE                     (abs)        005F
_INTE                    (abs)        005C
_INTEDG                  (abs)        040E
_INTF                    (abs)        0059
_I_D                     bitnvBANK0   0319
_N                       bitnvBANK0   031A
_PORTB                   (abs)        0006
_PORTC                   (abs)        0007
_PORTD                   (abs)        0008
_RA0                     (abs)        0028
_RA1                     (abs)        0029
_RA2                     (abs)        002A
_RA3                     (abs)        002B
_RA5                     (abs)        002D
_RB4                     (abs)        0034
_RB5                     (abs)        0035
_RB6                     (abs)        0036
_RB7                     (abs)        0037
_RBIE                    (abs)        005B
_RBIF                    (abs)        0058
_RC0                     (abs)        0038
_RC1                     (abs)        0039
_RC2                     (abs)        003A
_RC3                     (abs)        003B
_RD                      (abs)        0C60
_RE0                     (abs)        0048
_RE1                     (abs)        0049
_RE2                     (abs)        004A
_S                       bitbssBANK0  0313
_T0CS                    (abs)        040D
_T1CON                   (abs)        0010
_TRISA                   (abs)        0085
_TRISB                   (abs)        0086
_TRISC                   (abs)        0087
_TRISD                   (abs)        0088
_TRISE0                  (abs)        0448
_TRISE1                  (abs)        0449
_TRISE2                  (abs)        044A
_WR                      (abs)        0C61
_WREN                    (abs)        0C62
__CFG_BOREN$OFF          (abs)        0000
__CFG_FOSC$HS            (abs)        0000
__CFG_LVP$OFF            (abs)        0000
__CFG_WDTE$OFF           (abs)        0000
__Habs1                  abs1         0000
__Hbank0                 bank0        0000
__Hbank1                 bank1        0000
__Hbank2                 bank2        0000
__Hbank3                 bank3        0000
__HbitbssBANK0           bitbssBANK0  0000
__HbitnvBANK0            bitnvBANK0   0000
__HbssBANK0              bssBANK0     0000
__Hcinit                 cinit        003E
__Hclrtext               clrtext      0000
__Hcode                  code         0000
__Hcommon                common       0000
__Hconfig                config       2008
__HcstackBANK0           cstackBANK0  0000
__HcstackBANK1           cstackBANK1  0000
__HcstackCOMMON          cstackCOMMON 0000
__HdataBANK0             dataBANK0    0000
__HdataBANK1             dataBANK1    0000
__Heeprom_data           eeprom_data  0000
__Hend_init              end_init     0015
__Hfunctab               functab      0000
__HidataBANK0            idataBANK0   0000
__HidataBANK1            idataBANK1   0000
__Hidloc                 idloc        0000
__Hinit                  init         0012
__Hinittext              inittext     0000
__Hintentry              intentry     0012
__Hmaintext              maintext     0000
__Hpowerup               powerup      0000
__Hram                   ram          0000
__Hreset_vec             reset_vec    0003
__Hsfr0                  sfr0         0000
__Hsfr1                  sfr1         0000
__Hsfr2                  sfr2         0000
__Hsfr3                  sfr3         0000
__Hstrings               strings      0000
__Htext                  text         0000
__Labs1                  abs1         0000
__Lbank0                 bank0        0000
__Lbank1                 bank1        0000
__Lbank2                 bank2        0000
__Lbank3                 bank3        0000
__LbitbssBANK0           bitbssBANK0  0000
__LbitnvBANK0            bitnvBANK0   0000
__LbssBANK0              bssBANK0     0000
__Lcinit                 cinit        0015
__Lclrtext               clrtext      0000
__Lcode                  code         0000
__Lcommon                common       0000
__Lconfig                config       2007
__LcstackBANK0           cstackBANK0  0000
__LcstackBANK1           cstackBANK1  0000
__LcstackCOMMON          cstackCOMMON 0000
__LdataBANK0             dataBANK0    0000
__LdataBANK1             dataBANK1    0000
__Leeprom_data           eeprom_data  0000
__Lend_init              end_init     0012
__Lfunctab               functab      0000
__LidataBANK0            idataBANK0   0000
__LidataBANK1            idataBANK1   0000
__Lidloc                 idloc        0000
__Linit                  init         0012
__Linittext              inittext     0000
__Lintentry              intentry     0004
__Lmaintext              maintext     0000
__Lpowerup               powerup      0000
__Lram                   ram          0000
__Lreset_vec             reset_vec    0000
__Lsfr0                  sfr0         0000
__Lsfr1                  sfr1         0000
__Lsfr2                  sfr2         0000
__Lsfr3                  sfr3         0000
__Lstrings               strings      0000
__Ltext                  text         0000
__S0                     (abs)        2008
__S1                     (abs)        00E5
__S3                     (abs)        0000
___latbits               (abs)        0002
___lmul                  text13       16F8
___lmul@multiplicand     cstackCOMMON 0074
___lmul@multiplier       cstackCOMMON 0070
___lmul@product          cstackCOMMON 0079
__end_of___lmul          text13       1737
__end_of__initialization cinit        003A
__end_of_chk_bf          text2        16F8
__end_of_disp            text9        0C52
__end_of_disp_off        text4        0839
__end_of_eeprom_read     text16       166A
__end_of_eeprom_write    text8        1690
__end_of_init            text1        1000
__end_of_isr             text3        0E15
__end_of_keypad_read     text5        07E2
__end_of_main            maintext     1800
__end_of_read            text10       0420
__end_of_spec_func1      text15       163E
__end_of_spec_func2      text7        0AE8
__end_of_spec_func3      text6        1776
__end_of_spec_func4      text14       0802
__end_ofi1_chk_bf        text12       16C2
__end_ofi1_init          text11       098D
__initialization         cinit        0015
__pbitbssBANK0           bitbssBANK0  0310
__pbitnvBANK0            bitnvBANK0   0318
__pbssBANK0              bssBANK0     0057
__pcstackBANK0           cstackBANK0  003E
__pcstackBANK1           cstackBANK1  00DF
__pcstackCOMMON          cstackCOMMON 0070
__pdataBANK0             dataBANK0    0020
__pdataBANK1             dataBANK1    00A0
__pidataBANK0            idataBANK0   07E2
__pidataBANK1            idataBANK1   1776
__pintentry              intentry     0004
__pmaintext              maintext     17B5
__ptext1                 text1        0E15
__ptext10                text10       003E
__ptext11                text11       0839
__ptext12                text12       1690
__ptext13                text13       16F8
__ptext14                text14       0800
__ptext15                text15       163C
__ptext16                text16       164F
__ptext2                 text2        16C2
__ptext3                 text3        0C52
__ptext4                 text4        0802
__ptext5                 text5        0420
__ptext6                 text6        1737
__ptext7                 text7        098D
__ptext8                 text8        166A
__ptext9                 text9        0AE8
__size_of___lmul         (abs)        0000
__size_of_chk_bf         (abs)        0000
__size_of_disp           (abs)        0000
__size_of_disp_off       (abs)        0000
__size_of_eeprom_read    (abs)        0000
__size_of_eeprom_write   (abs)        0000
__size_of_init           (abs)        0000
__size_of_isr            (abs)        0000
__size_of_keypad_read    (abs)        0000
__size_of_main           (abs)        0000
__size_of_read           (abs)        0000
__size_of_spec_func1     (abs)        0000
__size_of_spec_func2     (abs)        0000
__size_of_spec_func3     (abs)        0000
__size_of_spec_func4     (abs)        0000
__size_ofi1_chk_bf       (abs)        0000
__size_ofi1_init         (abs)        0000
_bf_fails                bssBANK0     005B
_chk                     dataBANK0    0020
_chk_bf                  text2        16C2
_disp                    text9        0AE8
_disp_off                text4        0802
_eeprom_read             text16       164F
_eeprom_write            text8        166A
_init                    text1        0E15
_isr                     text3        0C52
_keypad_read             text5        0420
_main                    maintext     17B5
_nRBPU                   (abs)        040F
_new                     dataBANK1    00C1
_old                     dataBANK1    00D0
_paswd                   bssBANK0     0057
_paswd0                  bssBANK0     005C
_paswd1                  bssBANK0     005D
_paswd2                  bssBANK0     005E
_paswd3                  bssBANK0     005F
_paswd_chng              bitbssBANK0  0314
_pschng                  dataBANK1    00A0
_read                    text10       003E
_rng                     dataBANK1    00B1
_spec_func1              text15       163C
_spec_func2              text7        098D
_spec_func3              text6        1737
_spec_func4              text14       0800
_suc                     dataBANK0    0030
_t0_ovs                  bssBANK0     0060
_wrn                     bitbssBANK0  0315
_wrn_num                 bssBANK0     0061
btemp                    (abs)        007E
chk_bf@bf                cstackBANK1  00E0
disp@ch                  cstackCOMMON 007A
disp@cnt                 cstackCOMMON 0072
disp@i                   cstackCOMMON 0078
disp@line                cstackCOMMON 0077
disp@linum               cstackCOMMON 0074
eeprom_read@addr         cstackCOMMON 0071
eeprom_write@addr        cstackCOMMON 0072
eeprom_write@value       cstackCOMMON 0070
end_of_initialization    cinit        003A
i1_chk_bf                text12       1690
i1_init                  text11       0839
i1chk_bf@bf              cstackCOMMON 0071
i1init@temp              cstackCOMMON 0074
init@temp                cstackBANK1  00E3
init_fetch0              inittext     163E
init_ram0                inittext     1642
interrupt_function       intentry     0004
intlevel0                functab      0000
intlevel1                functab      0000
intlevel2                functab      0000
intlevel3                functab      0000
intlevel4                functab      0000
intlevel5                functab      0000
isr@input                cstackBANK0  0053
isr@temp                 cstackBANK0  0052
keypad_read@input        cstackBANK0  004B
read@inp                 cstackCOMMON 007D
reset_vec                reset_vec    0000
saved_w                  (abs)        007E
spec_func2@inp           cstackBANK0  0044
spec_func2@temp          cstackBANK0  0045
start                    init         0012
start_initialization     cinit        0015
wtemp0                   (abs)        007E


FUNCTION INFORMATION:

 *************** function _main *****************
 Defined at:
		line 368 in file "CarPassword.c"
 Parameters:    Size  Location     Type
		None
 Auto vars:     Size  Location     Type
		None
 Return value:  Size  Location     Type
		None               void
 Registers used:
		wreg, status,2, status,0, pclath, cstack
 Tracked objects:
		On entry : 
		On exit  : 
		Unchanged: 
 Data sizes:     COMMON   BANK0   BANK1   BANK3   BANK2
      Params:         0       0       0       0       0
      Locals:         0       0       0       0       0
      Temps:          0       0       1       0       0
      Totals:         0       0       1       0       0
Total ram usage:        1 bytes
 Hardware stack levels required when called:    8
 This function calls:
		_init
 This function is called by:
		Startup code after reset
 This function uses a non-reentrant model


 *************** function _init *****************
 Defined at:
		line 44 in file "ST7066U_4bit.c"
 Parameters:    Size  Location     Type
		None
 Auto vars:     Size  Location     Type
  temp            1    4[BANK1 ] volatile unsigned char 
 Return value:  Size  Location     Type
                  1    wreg      unsigned char 
 Registers used:
		wreg, status,2, status,0, pclath, cstack
 Tracked objects:
		On entry : 
		On exit  : 
		Unchanged: 
 Data sizes:     COMMON   BANK0   BANK1   BANK3   BANK2
      Params:         0       0       0       0       0
      Locals:         0       0       1       0       0
      Temps:          0       0       2       0       0
      Totals:         0       0       3       0       0
Total ram usage:        3 bytes
 Hardware stack levels used:    1
 Hardware stack levels required when called:    7
 This function calls:
		_chk_bf
 This function is called by:
		_main
 This function uses a non-reentrant model


 *************** function _chk_bf *****************
 Defined at:
		line 16 in file "ST7066U_4bit.c"
 Parameters:    Size  Location     Type
		None
 Auto vars:     Size  Location     Type
  bf              1    1[BANK1 ] unsigned char 
 Return value:  Size  Location     Type
                  1    wreg      unsigned char 
 Registers used:
		wreg, status,2, status,0
 Tracked objects:
		On entry : 
		On exit  : 
		Unchanged: 
 Data sizes:     COMMON   BANK0   BANK1   BANK3   BANK2
      Params:         0       0       0       0       0
      Locals:         0       0       1       0       0
      Temps:          0       0       1       0       0
      Totals:         0       0       2       0       0
Total ram usage:        2 bytes
 Hardware stack levels used:    1
 Hardware stack levels required when called:    6
 This function calls:
		Nothing
 This function is called by:
		_init
 This function uses a non-reentrant model


 *************** function _isr *****************
 Defined at:
		line 261 in file "CarPassword.c"
 Parameters:    Size  Location     Type
		None
 Auto vars:     Size  Location     Type
  input           4   21[BANK0 ] volatile unsigned long 
  temp            1   20[BANK0 ] volatile unsigned char 
 Return value:  Size  Location     Type
		None               void
 Registers used:
		wreg, fsr0l, fsr0h, status,2, status,0, pclath, cstack
 Tracked objects:
		On entry : 
		On exit  : 
		Unchanged: 
 Data sizes:     COMMON   BANK0   BANK1   BANK3   BANK2
      Params:         0       0       0       0       0
      Locals:         0       5       0       0       0
      Temps:          0       6       0       0       0
      Totals:         0      11       0       0       0
Total ram usage:       11 bytes
 Hardware stack levels used:    1
 Hardware stack levels required when called:    5
 This function calls:
		_disp
		_eeprom_read
		_keypad_read
		_disp_off
 This function is called by:
		Interrupt level 1
 This function uses a non-reentrant model


 *************** function _disp_off *****************
 Defined at:
		line 306 in file "ST7066U_4bit.c"
 Parameters:    Size  Location     Type
		None
 Auto vars:     Size  Location     Type
		None
 Return value:  Size  Location     Type
                  1    wreg      unsigned char 
 Registers used:
		wreg, status,2, status,0, pclath, cstack
 Tracked objects:
		On entry : 
		On exit  : 
		Unchanged: 
 Data sizes:     COMMON   BANK0   BANK1   BANK3   BANK2
      Params:         0       0       0       0       0
      Locals:         0       0       0       0       0
      Temps:          1       0       0       0       0
      Totals:         1       0       0       0       0
Total ram usage:        1 bytes
 Hardware stack levels used:    1
 Hardware stack levels required when called:    1
 This function calls:
		i1_chk_bf
 This function is called by:
		_isr
 This function uses a non-reentrant model


 *************** function _keypad_read *****************
 Defined at:
		line 16 in file "Keypad.c"
 Parameters:    Size  Location     Type
  input           1    wreg     PTR volatile unsigned lo
		 -> isr@input(4), 
 Auto vars:     Size  Location     Type
  input           1   13[BANK0 ] PTR volatile unsigned lo
		 -> isr@input(4), 
 Return value:  Size  Location     Type
                  1    wreg      unsigned char 
 Registers used:
		wreg, fsr0l, fsr0h, status,2, status,0, pclath, cstack
 Tracked objects:
		On entry : 
		On exit  : 
		Unchanged: 
 Data sizes:     COMMON   BANK0   BANK1   BANK3   BANK2
      Params:         0       0       0       0       0
      Locals:         0       1       0       0       0
      Temps:          0       2       0       0       0
      Totals:         0       3       0       0       0
Total ram usage:        3 bytes
 Hardware stack levels used:    1
 Hardware stack levels required when called:    4
 This function calls:
		_spec_func1
		_spec_func4
		_spec_func2
		_spec_func3
		___lmul
 This function is called by:
		_isr
 This function uses a non-reentrant model


 *************** function _spec_func3 *****************
 Defined at:
		line 242 in file "CarPassword.c"
 Parameters:    Size  Location     Type
  input           1    wreg     PTR volatile unsigned lo
		 -> isr@input(4), 
 Auto vars:     Size  Location     Type
  input           1    0[COMMON] PTR volatile unsigned lo
		 -> isr@input(4), 
 Return value:  Size  Location     Type
                  1    wreg      unsigned char 
 Registers used:
		wreg, status,2, status,0, pclath, cstack
 Tracked objects:
		On entry : 
		On exit  : 
		Unchanged: 
 Data sizes:     COMMON   BANK0   BANK1   BANK3   BANK2
      Params:         0       0       0       0       0
      Locals:         0       0       0       0       0
      Temps:          2       0       0       0       0
      Totals:         2       0       0       0       0
Total ram usage:        2 bytes
 Hardware stack levels used:    1
 Hardware stack levels required when called:    2
 This function calls:
		i1_init
 This function is called by:
		_keypad_read
 This function uses a non-reentrant model


 *************** function _spec_func2 *****************
 Defined at:
		line 187 in file "CarPassword.c"
 Parameters:    Size  Location     Type
  inp             1    wreg     PTR volatile unsigned lo
		 -> isr@input(4), 
 Auto vars:     Size  Location     Type
  inp             1    6[BANK0 ] PTR volatile unsigned lo
		 -> isr@input(4), 
  temp            4    7[BANK0 ] volatile unsigned long 
 Return value:  Size  Location     Type
                  1    wreg      unsigned char 
 Registers used:
		wreg, fsr0l, fsr0h, status,2, status,0, pclath, cstack
 Tracked objects:
		On entry : 
		On exit  : 
		Unchanged: 
 Data sizes:     COMMON   BANK0   BANK1   BANK3   BANK2
      Params:         0       0       0       0       0
      Locals:         0       5       0       0       0
      Temps:          0       4       0       0       0
      Totals:         0       9       0       0       0
Total ram usage:        9 bytes
 Hardware stack levels used:    1
 Hardware stack levels required when called:    3
 This function calls:
		_read
		_disp
		_eeprom_write
 This function is called by:
		_keypad_read
 This function uses a non-reentrant model


 *************** function _eeprom_write *****************
 Defined at:
		line 7 in file "/opt/microchip/xc8/v1.21/sources/pic/eewrite.c"
 Parameters:    Size  Location     Type
  addr            1    wreg     unsigned char 
  value           1    0[COMMON] unsigned char 
 Auto vars:     Size  Location     Type
  addr            1    2[COMMON] unsigned char 
 Return value:  Size  Location     Type
		None               void
 Registers used:
		wreg, status,2, status,0
 Tracked objects:
		On entry : 
		On exit  : 
		Unchanged: 
 Data sizes:     COMMON   BANK0   BANK1   BANK3   BANK2
      Params:         1       0       0       0       0
      Locals:         1       0       0       0       0
      Temps:          1       0       0       0       0
      Totals:         3       0       0       0       0
Total ram usage:        3 bytes
 Hardware stack levels used:    1
 This function calls:
		Nothing
 This function is called by:
		_spec_func2
 This function uses a non-reentrant model


 *************** function _disp *****************
 Defined at:
		line 176 in file "ST7066U_4bit.c"
 Parameters:    Size  Location     Type
  line            1    wreg     PTR unsigned char 
		 -> suc(14), rng(16), chk(16), pschng(17), 
		 -> new(15), old(15), 
  cnt             2    2[COMMON] unsigned short 
  linum           1    4[COMMON] unsigned char 
 Auto vars:     Size  Location     Type
  line            1    7[COMMON] PTR unsigned char 
		 -> suc(14), rng(16), chk(16), pschng(17), 
		 -> new(15), old(15), 
  i               2    8[COMMON] unsigned short 
  ch              1   10[COMMON] unsigned char 
 Return value:  Size  Location     Type
                  1    wreg      unsigned char 
 Registers used:
		wreg, fsr0l, fsr0h, status,2, status,0, pclath, cstack
 Tracked objects:
		On entry : 
		On exit  : 
		Unchanged: 
 Data sizes:     COMMON   BANK0   BANK1   BANK3   BANK2
      Params:         3       0       0       0       0
      Locals:         4       0       0       0       0
      Temps:          2       0       0       0       0
      Totals:         9       0       0       0       0
Total ram usage:        9 bytes
 Hardware stack levels used:    1
 Hardware stack levels required when called:    1
 This function calls:
		i1_chk_bf
 This function is called by:
		_spec_func2
		_isr
 This function uses a non-reentrant model


 *************** function _read *****************
 Defined at:
		line 35 in file "CarPassword.c"
 Parameters:    Size  Location     Type
  inp             1    wreg     PTR volatile unsigned lo
		 -> isr@input(4), 
 Auto vars:     Size  Location     Type
  inp             1   13[COMMON] PTR volatile unsigned lo
		 -> isr@input(4), 
 Return value:  Size  Location     Type
                  1    wreg      unsigned char 
 Registers used:
		wreg, fsr0l, fsr0h, status,2, status,0, pclath, cstack
 Tracked objects:
		On entry : 
		On exit  : 
		Unchanged: 
 Data sizes:     COMMON   BANK0   BANK1   BANK3   BANK2
      Params:         0       0       0       0       0
      Locals:         1       0       0       0       0
      Temps:          0       2       0       0       0
      Totals:         1       2       0       0       0
Total ram usage:        3 bytes
 Hardware stack levels used:    1
 Hardware stack levels required when called:    2
 This function calls:
		_spec_func1
		_spec_func4
		___lmul
		i1_init
 This function is called by:
		_spec_func2
 This function uses a non-reentrant model


 *************** function i1_init *****************
 Defined at:
		line 44 in file "ST7066U_4bit.c"
 Parameters:    Size  Location     Type
		None
 Auto vars:     Size  Location     Type
  init            1    4[COMMON] volatile unsigned char 
 Return value:  Size  Location     Type
                  1    wreg      unsigned char 
 Registers used:
		wreg, status,2, status,0, pclath, cstack
 Tracked objects:
		On entry : 
		On exit  : 
		Unchanged: 
 Data sizes:     COMMON   BANK0   BANK1   BANK3   BANK2
      Params:         0       0       0       0       0
      Locals:         1       0       0       0       0
      Temps:          2       0       0       0       0
      Totals:         3       0       0       0       0
Total ram usage:        3 bytes
 Hardware stack levels used:    1
 Hardware stack levels required when called:    1
 This function calls:
		i1_chk_bf
 This function is called by:
		_read
		_spec_func3
 This function uses a non-reentrant model


 *************** function i1_chk_bf *****************
 Defined at:
		line 16 in file "ST7066U_4bit.c"
 Parameters:    Size  Location     Type
		None
 Auto vars:     Size  Location     Type
  chk_bf          1    1[COMMON] unsigned char 
 Return value:  Size  Location     Type
                  1    wreg      unsigned char 
 Registers used:
		wreg, status,2, status,0
 Tracked objects:
		On entry : 
		On exit  : 
		Unchanged: 
 Data sizes:     COMMON   BANK0   BANK1   BANK3   BANK2
      Params:         0       0       0       0       0
      Locals:         1       0       0       0       0
      Temps:          1       0       0       0       0
      Totals:         2       0       0       0       0
Total ram usage:        2 bytes
 Hardware stack levels used:    1
 This function calls:
		Nothing
 This function is called by:
		_disp
		_disp_off
		i1_init
 This function uses a non-reentrant model


 *************** function ___lmul *****************
 Defined at:
		line 3 in file "/opt/microchip/xc8/v1.21/sources/pic/lmul.c"
 Parameters:    Size  Location     Type
  multiplier      4    0[COMMON] unsigned long 
  multiplicand    4    4[COMMON] unsigned long 
 Auto vars:     Size  Location     Type
  product         4    9[COMMON] unsigned long 
 Return value:  Size  Location     Type
                  4    0[COMMON] unsigned long 
 Registers used:
		wreg, status,2, status,0
 Tracked objects:
		On entry : 
		On exit  : 
		Unchanged: 
 Data sizes:     COMMON   BANK0   BANK1   BANK3   BANK2
      Params:         8       0       0       0       0
      Locals:         4       0       0       0       0
      Temps:          1       0       0       0       0
      Totals:        13       0       0       0       0
Total ram usage:       13 bytes
 Hardware stack levels used:    1
 This function calls:
		Nothing
 This function is called by:
		_read
		_keypad_read
 This function uses a non-reentrant model


 *************** function _spec_func4 *****************
 Defined at:
		line 257 in file "CarPassword.c"
 Parameters:    Size  Location     Type
  input           1    wreg     PTR volatile unsigned lo
		 -> isr@input(4), 
 Auto vars:     Size  Location     Type
  input           1    0[COMMON] PTR volatile unsigned lo
		 -> isr@input(4), 
 Return value:  Size  Location     Type
                  1    wreg      unsigned char 
 Registers used:
		wreg
 Tracked objects:
		On entry : 
		On exit  : 
		Unchanged: 
 Data sizes:     COMMON   BANK0   BANK1   BANK3   BANK2
      Params:         0       0       0       0       0
      Locals:         0       0       0       0       0
      Temps:          0       0       0       0       0
      Totals:         0       0       0       0       0
Total ram usage:        0 bytes
 Hardware stack levels used:    1
 This function calls:
		Nothing
 This function is called by:
		_read
		_keypad_read
 This function uses a non-reentrant model


 *************** function _spec_func1 *****************
 Defined at:
		line 31 in file "CarPassword.c"
 Parameters:    Size  Location     Type
  input           1    wreg     PTR volatile unsigned lo
		 -> isr@input(4), 
 Auto vars:     Size  Location     Type
  input           1    0[COMMON] PTR volatile unsigned lo
		 -> isr@input(4), 
 Return value:  Size  Location     Type
                  1    wreg      unsigned char 
 Registers used:
		wreg
 Tracked objects:
		On entry : 
		On exit  : 
		Unchanged: 
 Data sizes:     COMMON   BANK0   BANK1   BANK3   BANK2
      Params:         0       0       0       0       0
      Locals:         0       0       0       0       0
      Temps:          0       0       0       0       0
      Totals:         0       0       0       0       0
Total ram usage:        0 bytes
 Hardware stack levels used:    1
 This function calls:
		Nothing
 This function is called by:
		_read
		_keypad_read
 This function uses a non-reentrant model


 *************** function _eeprom_read *****************
 Defined at:
		line 7 in file "/opt/microchip/xc8/v1.21/sources/pic/eeread.c"
 Parameters:    Size  Location     Type
  addr            1    wreg     unsigned char 
 Auto vars:     Size  Location     Type
  addr            1    1[COMMON] unsigned char 
 Return value:  Size  Location     Type
                  1    wreg      unsigned char 
 Registers used:
		wreg, status,2, status,0
 Tracked objects:
		On entry : 
		On exit  : 
		Unchanged: 
 Data sizes:     COMMON   BANK0   BANK1   BANK3   BANK2
      Params:         0       0       0       0       0
      Locals:         1       0       0       0       0
      Temps:          1       0       0       0       0
      Totals:         2       0       0       0       0
Total ram usage:        2 bytes
 Hardware stack levels used:    1
 This function calls:
		Nothing
 This function is called by:
		_isr
 This function uses a non-reentrant model



MODULE INFORMATION

Module		Function		Class		Link	Load	Size
/opt/microchip/xc8/v1.21/sources/pic/lmul.c
		___lmul        		CODE           	16F8	0000	63

/opt/microchip/xc8/v1.21/sources/pic/lmul.c estimated size: 63

shared
		i1_chk_bf      		CODE           	1690	0000	50
		__initializatio		CODE           	0015	0000	37
		i1_init        		CODE           	0839	0000	340

shared estimated size: 427

ST7066U_4bit.c
		_init          		CODE           	0E15	0000	491
		_chk_bf        		CODE           	16C2	0000	54
		_disp_off      		CODE           	0802	0000	55
		_disp          		CODE           	0AE8	0000	362

ST7066U_4bit.c estimated size: 962

Keypad.c
		_keypad_read   		CODE           	0420	0000	962

Keypad.c estimated size: 962

/opt/microchip/xc8/v1.21/sources/pic/eewrite.c
		_eeprom_write  		CODE           	166A	0000	38

/opt/microchip/xc8/v1.21/sources/pic/eewrite.c estimated size: 38

/opt/microchip/xc8/v1.21/sources/pic/eeread.c
		_eeprom_read   		CODE           	164F	0000	27

/opt/microchip/xc8/v1.21/sources/pic/eeread.c estimated size: 27

CarPassword.c
		_read          		CODE           	003E	0000	994
		_main          		CODE           	17B5	0000	75
		_spec_func1    		CODE           	163C	0000	2
		_spec_func2    		CODE           	098D	0000	347
		_spec_func3    		CODE           	1737	0000	63
		_spec_func4    		CODE           	0800	0000	2
		_isr           		CODE           	0C52	0000	451

CarPassword.c estimated size: 1934

