Microchip MPLAB XC8 Compiler V1.21 ()

Linker command line:

--edf=/opt/microchip/xc8/v1.21/dat/en_msgs.txt -cs \
  -h+dist/default/production/TestRS232.X.production.sym \
  --cmf=dist/default/production/TestRS232.X.production.cmf -z -Q18F458 \
  -o/tmp/cgt29xOl3 -Mdist/default/production/TestRS232.X.production.map -E1 \
  -ver=XC8 -ACODE=00h-03FFFhx2 -ACONST=00h-07FFFh \
  -ASMALLCONST=0600h-06FFhx122 -AMEDIUMCONST=0600h-07FFFh -ACOMRAM=01h-05Fh \
  -AABS1=00h-05FFh -ABIGRAM=01h-05FFh -ARAM=060h-0FFh,0100h-01FFhx5 \
  -ABANK0=060h-0FFh -ABANK1=0100h-01FFh -ABANK2=0200h-02FFh \
  -ABANK3=0300h-03FFh -ABANK4=0400h-04FFh -ABANK5=0500h-05FFh \
  -ASFR=0F00h-0F5Fh,0F60h-0FFFh \
  -preset_vec=00h,intcode=08h,intcodelo,powerup,init,end_init \
  -pramtop=0600h -psmallconst=SMALLCONST -pmediumconst=MEDIUMCONST \
  -pconst=CONST -AFARRAM=00h-00h -ACONFIG=0300000h-030000Dh -pconfig=CONFIG \
  -AIDLOC=0200000h-0200007h -pidloc=IDLOC -AEEDATA=0F00000h-0F000FFh \
  -peeprom_data=EEDATA \
  -prdata=COMRAM,nvrram=COMRAM,nvbit=COMRAM,rbss=COMRAM,rbit=COMRAM \
  -pfarbss=FARRAM,fardata=FARRAM,nvFARRAM=FARRAM \
  -pintsave_regs=BIGRAM,bigbss=BIGRAM,bigdata=BIGRAM -pbss=RAM \
  -pidata=CODE,irdata=CODE,ibigdata=CODE,ifardata=CODE /tmp/cgtlxSN7L.obj \
  dist/default/production/TestRS232.X.production.obj 

Object code version is 3.11

Machine type is 18F458

Call graph: (short form)




                Name                               Link     Load   Length Selector   Space Scale
/tmp/cgtlxSN7L.obj
                end_init                             B0       B0        4        4       0
                text                                 D8       D8        8        4       0
                reset_vec                             0        0        6        0       0
                idloc                            200000   200000        8   200000       0
                config                           300000   300000        E   300000       0
dist/default/production/TestRS232.X.production.obj
                intcode                               8        8       A8        4       0
                text0                                B4       B4       24        4       0
                cstackCOMRAM                          1        1        F        1       1
                cinit                                E0       E0        6        4       0

TOTAL           Name                               Link     Load   Length     Space
        CLASS   CODE           
                end_init                             B0       B0        4         0
                text                                 D8       D8        8         0
                intcode                               8        8       A8         0
                reset_vec                             0        0        6         0
                text0                                B4       B4       24         0
                cinit                                E0       E0        6         0

        CLASS   CONST          

        CLASS   SMALLCONST     

        CLASS   MEDIUMCONST    

        CLASS   COMRAM         
                cstackCOMRAM                          1        1        F         1

        CLASS   ABS1           

        CLASS   BIGRAM         

        CLASS   RAM            

        CLASS   BANK0          

        CLASS   BANK1          

        CLASS   BANK2          

        CLASS   BANK3          

        CLASS   BANK4          

        CLASS   BANK5          

        CLASS   SFR            

        CLASS   FARRAM         

        CLASS   CONFIG         
                config                           300000   300000        E         0

        CLASS   IDLOC          
                idloc                            200000   200000        8         0

        CLASS   EEDATA         



SEGMENTS        Name                           Load    Length   Top    Selector   Space  Class

                reset_vec                      000000  000006  000006         0       0  CODE    
                cstackCOMRAM                   000001  00000F  000010         1       1  COMRAM  
                intcode                        000008  0000DE  0000E6         4       0  CODE    
                idloc                          200000  000008  200008    200000       0  IDLOC   
                config                         300000  00000E  30000E    300000       0  CONFIG  


UNUSED ADDRESS RANGES

        Name                Unused          Largest block    Delta
        BANK0            000060-0000FF               A0
        BANK1            000100-0001FF              100
        BANK2            000200-0002FF              100
        BANK3            000300-0003FF              100
        BANK4            000400-0004FF              100
        BANK5            000500-0005FF              100
        BIGRAM           000010-0005FF              5F0
        CODE             000006-000007                2
                         0000E6-007FFF             3F1A
        COMRAM           000010-00005F               50
        CONST            000006-000007                2
                         0000E6-007FFF             7F1A
        EEDATA           F00000-F000FF              100
        MEDIUMCONST      000600-007FFF             7A00
        RAM              000060-0005FF              100
        SFR              000F00-000FFF               60
        SMALLCONST       000600-007FFF              100

                                  Symbol Table

_ADDEN                                                            (abs)        007D5B
_BRGH                                                             (abs)        007D62
_CREN                                                             (abs)        007D5C
_GIE                                                              (abs)        007F97
_IPEN                                                             (abs)        007E87
_LATD                                                             (abs)        000F8C
_OERR                                                             (abs)        007D59
_PEIE                                                             (abs)        007F96
_RCIE                                                             (abs)        007CED
_RCIF                                                             (abs)        007CF5
_RCREG                                                            (abs)        000FAE
_RX9                                                              (abs)        007D5E
_SPBRG                                                            (abs)        000FAF
_SPEN                                                             (abs)        007D5F
_SYNC                                                             (abs)        007D64
_TX9                                                              (abs)        007D66
_TXEN                                                             (abs)        007D65
_TXIE                                                             (abs)        007CEC
_TXREG                                                            (abs)        000FAD
__CFG_OSC$HS                                                      (abs)        000000
__CFG_WDT$OFF                                                     (abs)        000000
__HRAM                                                            (abs)        000000
__Habs1                                                           abs1         000000
__Hbank0                                                          bank0        000000
__Hbank1                                                          bank1        000000
__Hbank2                                                          bank2        000000
__Hbank3                                                          bank3        000000
__Hbank4                                                          bank4        000000
__Hbank5                                                          bank5        000000
__Hbigbss                                                         bigbss       000000
__Hbigdata                                                        bigdata      000000
__Hbigram                                                         bigram       000000
__Hbss                                                            bss          000000
__Hcinit                                                          cinit        000000
__Hclrtext                                                        clrtext      000000
__Hcomram                                                         comram       000000
__Hconfig                                                         config       30000E
__Hconst                                                          const        000000
__HcstackCOMRAM                                                   cstackCOMRAM 000000
__Hdata                                                           data         000000
__Heeprom_data                                                    eeprom_data  000000
__Hend_init                                                       end_init     0000B4
__Hfarbss                                                         farbss       000000
__Hfardata                                                        fardata      000000
__Hibigdata                                                       ibigdata     000000
__Hidata                                                          idata        000000
__Hidloc                                                          idloc        200008
__Hifardata                                                       ifardata     000000
__Hinit                                                           init         0000B0
__Hintcode                                                        intcode      0000B0
__Hintcode_body                                                   intcode_body 000000
__Hintcodelo                                                      intcodelo    0000B0
__Hintentry                                                       intentry     000000
__Hintret                                                         intret       000000
__Hintsave_regs                                                   intsave_regs 000000
__Hirdata                                                         irdata       000000
__Hmediumconst                                                    mediumconst  000000
__HnvFARRAM                                                       nvFARRAM     000000
__Hnvbit                                                          nvbit        000000
__Hnvrram                                                         nvrram       000000
__Hparam                                                          rparam       000000
__Hpowerup                                                        powerup      0000B0
__Hram                                                            ram          000000
__Hramtop                                                         ramtop       000600
__Hrbit                                                           rbit         000000
__Hrbss                                                           rbss         000000
__Hrdata                                                          rdata        000000
__Hreset_vec                                                      reset_vec    000006
__Hrparam                                                         rparam       000000
__Hsfr                                                            sfr          000000
__Hsmallconst                                                     smallconst   000000
__Hstruct                                                         struct       000000
__Htemp                                                           temp         000000
__Htext                                                           text         000000
__Htext0                                                          text0        000000
__LRAM                                                            (abs)        000001
__Labs1                                                           abs1         000000
__Lbank0                                                          bank0        000000
__Lbank1                                                          bank1        000000
__Lbank2                                                          bank2        000000
__Lbank3                                                          bank3        000000
__Lbank4                                                          bank4        000000
__Lbank5                                                          bank5        000000
__Lbigbss                                                         bigbss       000000
__Lbigdata                                                        bigdata      000000
__Lbigram                                                         bigram       000000
__Lbss                                                            bss          000000
__Lcinit                                                          cinit        000000
__Lclrtext                                                        clrtext      000000
__Lcomram                                                         comram       000000
__Lconfig                                                         config       300000
__Lconst                                                          const        000000
__LcstackCOMRAM                                                   cstackCOMRAM 000000
__Ldata                                                           data         000000
__Leeprom_data                                                    eeprom_data  000000
__Lend_init                                                       end_init     0000B0
__Lfarbss                                                         farbss       000000
__Lfardata                                                        fardata      000000
__Libigdata                                                       ibigdata     000000
__Lidata                                                          idata        000000
__Lidloc                                                          idloc        200000
__Lifardata                                                       ifardata     000000
__Linit                                                           init         0000B0
__Lintcode                                                        intcode      000008
__Lintcode_body                                                   intcode_body 000000
__Lintcodelo                                                      intcodelo    0000B0
__Lintentry                                                       intentry     000000
__Lintret                                                         intret       000000
__Lintsave_regs                                                   intsave_regs 000000
__Lirdata                                                         irdata       000000
__Lmediumconst                                                    mediumconst  000000
__LnvFARRAM                                                       nvFARRAM     000000
__Lnvbit                                                          nvbit        000000
__Lnvrram                                                         nvrram       000000
__Lparam                                                          rparam       000000
__Lpowerup                                                        powerup      0000B0
__Lram                                                            ram          000000
__Lramtop                                                         ramtop       000600
__Lrbit                                                           rbit         000000
__Lrbss                                                           rbss         000000
__Lrdata                                                          rdata        000000
__Lreset_vec                                                      reset_vec    000000
__Lrparam                                                         rparam       000000
__Lsfr                                                            sfr          000000
__Lsmallconst                                                     smallconst   000000
__Lstruct                                                         struct       000000
__Ltemp                                                           temp         000000
__Ltext                                                           text         000000
__Ltext0                                                          text0        000000
__S0                                                              (abs)        30000E
__S1                                                              (abs)        000010
__accesstop                                                       (abs)        000060
__activetblptr                                                    (abs)        000000
__cntErrataNOP_/tmp/cgtlxSN7L.obj                                 (abs)        000004
__cntErrataNOP_dist/default/production/TestRS232.X.production.obj (abs)        000003
__end_of__initialization                                          cinit        0000E0
__end_of_isr                                                      intcode      0000B0
__end_of_main                                                     text0        0000D6
__initialization                                                  cinit        0000E0
__mediumconst                                                     mediumconst  000000
__pcinit                                                          cinit        0000E0
__pcstackCOMRAM                                                   cstackCOMRAM 000001
__pintcode                                                        intcode      000008
__ptext0                                                          text0        0000B4
__ramtop                                                          ramtop       000600
__size_of_isr                                                     (abs)        000000
__size_of_main                                                    (abs)        000000
__smallconst                                                      smallconst   000000
_isr                                                              intcode      000008
_main                                                             text0        0000B6
end_of_initialization                                             cinit        0000E0
intlevel0                                                         text         0000D8
intlevel1                                                         text         0000DA
intlevel2                                                         text         0000DC
intlevel3                                                         text         0000DE
isr@rcb                                                           cstackCOMRAM 00000F
start                                                             init         0000B0
start_initialization                                              cinit        0000E0


FUNCTION INFORMATION:

 *************** function _main *****************
 Defined at:
		line 23 in file "TestRS232.c"
 Parameters:    Size  Location     Type
		None
 Auto vars:     Size  Location     Type
		None
 Return value:  Size  Location     Type
		None               void
 Registers used:
		wreg, status,2
 Tracked objects:
		On entry : 
		On exit  : 
		Unchanged: 
 Data sizes:     COMRAM   BANK0   BANK1   BANK2   BANK3   BANK4   BANK5
      Params:         0       0       0       0       0       0       0
      Locals:         0       0       0       0       0       0       0
      Temps:          0       0       0       0       0       0       0
      Totals:         0       0       0       0       0       0       0
Total ram usage:        0 bytes
 Hardware stack levels required when called:    1
 This function calls:
		Nothing
 This function is called by:
		Startup code after reset
 This function uses a non-reentrant model


 *************** function _isr *****************
 Defined at:
		line 6 in file "TestRS232.c"
 Parameters:    Size  Location     Type
		None
 Auto vars:     Size  Location     Type
  rcb             1   14[COMRAM] volatile unsigned char 
 Return value:  Size  Location     Type
		None               void
 Registers used:
		None
 Tracked objects:
		On entry : 
		On exit  : 
		Unchanged: 
 Data sizes:     COMRAM   BANK0   BANK1   BANK2   BANK3   BANK4   BANK5
      Params:         0       0       0       0       0       0       0
      Locals:         1       0       0       0       0       0       0
      Temps:         14       0       0       0       0       0       0
      Totals:        15       0       0       0       0       0       0
Total ram usage:       15 bytes
 Hardware stack levels used:    1
 This function calls:
		Nothing
 This function is called by:
		Interrupt level 2
 This function uses a non-reentrant model



MODULE INFORMATION

Module		Function		Class		Link	Load	Size
TestRS232.c
		_main          		CODE           	00B6	0000	32
		_isr           		CODE           	0008	0000	168

TestRS232.c estimated size: 200

shared
		__initializatio		CODE           	00E0	0000	0

shared estimated size: 0

