Microchip MPLAB XC8 Compiler V1.21 ()

Linker command line:

--edf=/opt/microchip/xc8/v1.21/dat/en_msgs.txt -cs \
  -h+dist/default/production/MyFirst.X.production.sym \
  --cmf=dist/default/production/MyFirst.X.production.cmf -z -Q18F458 \
  -o/tmp/cgtgHxc62 -Mdist/default/production/MyFirst.X.production.map -E1 \
  -ver=XC8 -ACODE=00h-03FFFhx2 -ACONST=00h-07FFFh \
  -ASMALLCONST=0600h-06FFhx122 -AMEDIUMCONST=0600h-07FFFh -ACOMRAM=01h-05Fh \
  -AABS1=00h-05FFh -ABIGRAM=01h-05FFh -ARAM=060h-0FFh,0100h-01FFhx5 \
  -ABANK0=060h-0FFh -ABANK1=0100h-01FFh -ABANK2=0200h-02FFh \
  -ABANK3=0300h-03FFh -ABANK4=0400h-04FFh -ABANK5=0500h-05FFh \
  -ASFR=0F00h-0F5Fh,0F60h-0FFFh \
  -preset_vec=00h,intcode=08h,intcodelo,powerup,init,end_init \
  -pramtop=0600h -psmallconst=SMALLCONST -pmediumconst=MEDIUMCONST \
  -pconst=CONST -AFARRAM=00h-00h -ACONFIG=0300000h-030000Dh -pconfig=CONFIG \
  -AIDLOC=0200000h-0200007h -pidloc=IDLOC -AEEDATA=0F00000h-0F000FFh \
  -peeprom_data=EEDATA \
  -prdata=COMRAM,nvrram=COMRAM,nvbit=COMRAM,rbss=COMRAM,rbit=COMRAM \
  -pfarbss=FARRAM,fardata=FARRAM,nvFARRAM=FARRAM \
  -pintsave_regs=BIGRAM,bigbss=BIGRAM,bigdata=BIGRAM -pbss=RAM \
  -pidata=CODE,irdata=CODE,ibigdata=CODE,ifardata=CODE /tmp/cgtawrAxD.obj \
  dist/default/production/MyFirst.X.production.obj 

Object code version is 3.11

Machine type is 18F458

Call graph: (short form)




                Name                               Link     Load   Length Selector   Space Scale
/tmp/cgtawrAxD.obj
                end_init                             A6       A6        4        4       0
                text                                432      432        8        4       0
                reset_vec                             0        0        6        0       0
                idloc                            200000   200000        8   200000       0
                config                           300000   300000        E   300000       0
dist/default/production/MyFirst.X.production.obj
                intcode                               8        8       9E        4       0
                text4                               29A      29A      116        4       0
                text3                                AA       AA      1F0        4       0
                text2                               3B0      3B0       52        4       0
                cstackCOMRAM                          1        1       2A        1       1
                bssCOMRAM                            2B       2B        4        1       1
                cinit                               424      424        E        4       0
                text0                               402      402       22        4       0

TOTAL           Name                               Link     Load   Length     Space
        CLASS   CODE           
                end_init                             A6       A6        4         0
                text                                432      432        8         0
                intcode                               8        8       9E         0
                reset_vec                             0        0        6         0
                text4                               29A      29A      116         0
                text3                                AA       AA      1F0         0
                text2                               3B0      3B0       52         0
                cinit                               424      424        E         0
                text0                               402      402       22         0

        CLASS   CONST          

        CLASS   SMALLCONST     

        CLASS   MEDIUMCONST    

        CLASS   COMRAM         
                cstackCOMRAM                          1        1       2A         1
                bssCOMRAM                            2B       2B        4         1

        CLASS   ABS1           

        CLASS   BIGRAM         

        CLASS   RAM            

        CLASS   BANK0          

        CLASS   BANK1          

        CLASS   BANK2          

        CLASS   BANK3          

        CLASS   BANK4          

        CLASS   BANK5          

        CLASS   SFR            

        CLASS   FARRAM         

        CLASS   CONFIG         
                config                           300000   300000        E         0

        CLASS   IDLOC          
                idloc                            200000   200000        8         0

        CLASS   EEDATA         



SEGMENTS        Name                           Load    Length   Top    Selector   Space  Class

                reset_vec                      000000  000006  000006         0       0  CODE    
                cstackCOMRAM                   000001  00002E  00002F         1       1  COMRAM  
                intcode                        000008  000432  00043A         4       0  CODE    
                idloc                          200000  000008  200008    200000       0  IDLOC   
                config                         300000  00000E  30000E    300000       0  CONFIG  


UNUSED ADDRESS RANGES

        Name                Unused          Largest block    Delta
        BANK0            000060-0000FF               A0
        BANK1            000100-0001FF              100
        BANK2            000200-0002FF              100
        BANK3            000300-0003FF              100
        BANK4            000400-0004FF              100
        BANK5            000500-0005FF              100
        BIGRAM           00002F-0005FF              5D1
        CODE             000006-000007                2
                         00043A-007FFF             3BC6
        COMRAM           00002F-00005F               31
        CONST            000006-000007                2
                         00043A-007FFF             7BC6
        EEDATA           F00000-F000FF              100
        MEDIUMCONST      000600-007FFF             7A00
        RAM              000060-0005FF              100
        SFR              000F00-000FFF               60
        SMALLCONST       000600-007FFF              100

                                  Symbol Table

?___asfladd                                                     cstackCOMRAM 000017
?___fladd                                                       cstackCOMRAM 00000B
?___flpack                                                      cstackCOMRAM 000001
_INTCON                                                         (abs)        000FF2
_INTCON2                                                        (abs)        000FF1
_LATB                                                           (abs)        000F8A
_PORTB                                                          (abs)        000F81
_T0CON                                                          (abs)        000FD5
_TRISB                                                          (abs)        000F93
__CFG_OSC$RC                                                    (abs)        000000
__CFG_OSCS$OFF                                                  (abs)        000000
__CFG_WDT$OFF                                                   (abs)        000000
__HRAM                                                          (abs)        000000
__Habs1                                                         abs1         000000
__Hbank0                                                        bank0        000000
__Hbank1                                                        bank1        000000
__Hbank2                                                        bank2        000000
__Hbank3                                                        bank3        000000
__Hbank4                                                        bank4        000000
__Hbank5                                                        bank5        000000
__Hbigbss                                                       bigbss       000000
__Hbigdata                                                      bigdata      000000
__Hbigram                                                       bigram       000000
__Hbss                                                          bss          000000
__HbssCOMRAM                                                    bssCOMRAM    000000
__Hcinit                                                        cinit        000000
__Hclrtext                                                      clrtext      000000
__Hcomram                                                       comram       000000
__Hconfig                                                       config       30000E
__Hconst                                                        const        000000
__HcstackCOMRAM                                                 cstackCOMRAM 000000
__Hdata                                                         data         000000
__Heeprom_data                                                  eeprom_data  000000
__Hend_init                                                     end_init     0000AA
__Hfarbss                                                       farbss       000000
__Hfardata                                                      fardata      000000
__Hibigdata                                                     ibigdata     000000
__Hidata                                                        idata        000000
__Hidloc                                                        idloc        200008
__Hifardata                                                     ifardata     000000
__Hinit                                                         init         0000A6
__Hintcode                                                      intcode      0000A6
__Hintcode_body                                                 intcode_body 000000
__Hintcodelo                                                    intcodelo    0000A6
__Hintentry                                                     intentry     000000
__Hintret                                                       intret       000000
__Hintsave_regs                                                 intsave_regs 000000
__Hirdata                                                       irdata       000000
__Hmediumconst                                                  mediumconst  000000
__HnvFARRAM                                                     nvFARRAM     000000
__Hnvbit                                                        nvbit        000000
__Hnvrram                                                       nvrram       000000
__Hparam                                                        rparam       000000
__Hpowerup                                                      powerup      0000A6
__Hram                                                          ram          000000
__Hramtop                                                       ramtop       000600
__Hrbit                                                         rbit         000000
__Hrbss                                                         rbss         000000
__Hrdata                                                        rdata        000000
__Hreset_vec                                                    reset_vec    000006
__Hrparam                                                       rparam       000000
__Hsfr                                                          sfr          000000
__Hsmallconst                                                   smallconst   000000
__Hstruct                                                       struct       000000
__Htemp                                                         temp         000000
__Htext                                                         text         000000
__Htext0                                                        text0        000000
__Htext2                                                        text2        000000
__Htext3                                                        text3        000000
__Htext4                                                        text4        000000
__LRAM                                                          (abs)        000001
__Labs1                                                         abs1         000000
__Lbank0                                                        bank0        000000
__Lbank1                                                        bank1        000000
__Lbank2                                                        bank2        000000
__Lbank3                                                        bank3        000000
__Lbank4                                                        bank4        000000
__Lbank5                                                        bank5        000000
__Lbigbss                                                       bigbss       000000
__Lbigdata                                                      bigdata      000000
__Lbigram                                                       bigram       000000
__Lbss                                                          bss          000000
__LbssCOMRAM                                                    bssCOMRAM    000000
__Lcinit                                                        cinit        000000
__Lclrtext                                                      clrtext      000000
__Lcomram                                                       comram       000000
__Lconfig                                                       config       300000
__Lconst                                                        const        000000
__LcstackCOMRAM                                                 cstackCOMRAM 000000
__Ldata                                                         data         000000
__Leeprom_data                                                  eeprom_data  000000
__Lend_init                                                     end_init     0000A6
__Lfarbss                                                       farbss       000000
__Lfardata                                                      fardata      000000
__Libigdata                                                     ibigdata     000000
__Lidata                                                        idata        000000
__Lidloc                                                        idloc        200000
__Lifardata                                                     ifardata     000000
__Linit                                                         init         0000A6
__Lintcode                                                      intcode      000008
__Lintcode_body                                                 intcode_body 000000
__Lintcodelo                                                    intcodelo    0000A6
__Lintentry                                                     intentry     000000
__Lintret                                                       intret       000000
__Lintsave_regs                                                 intsave_regs 000000
__Lirdata                                                       irdata       000000
__Lmediumconst                                                  mediumconst  000000
__LnvFARRAM                                                     nvFARRAM     000000
__Lnvbit                                                        nvbit        000000
__Lnvrram                                                       nvrram       000000
__Lparam                                                        rparam       000000
__Lpowerup                                                      powerup      0000A6
__Lram                                                          ram          000000
__Lramtop                                                       ramtop       000600
__Lrbit                                                         rbit         000000
__Lrbss                                                         rbss         000000
__Lrdata                                                        rdata        000000
__Lreset_vec                                                    reset_vec    000000
__Lrparam                                                       rparam       000000
__Lsfr                                                          sfr          000000
__Lsmallconst                                                   smallconst   000000
__Lstruct                                                       struct       000000
__Ltemp                                                         temp         000000
__Ltext                                                         text         000000
__Ltext0                                                        text0        000000
__Ltext2                                                        text2        000000
__Ltext3                                                        text3        000000
__Ltext4                                                        text4        000000
__S0                                                            (abs)        30000E
__S1                                                            (abs)        00002F
___asfladd                                                      text2        0003B2
___asfladd@f1p                                                  cstackCOMRAM 000017
___asfladd@f2                                                   cstackCOMRAM 000019
___fladd                                                        text3        0000AC
___fladd@exp1                                                   cstackCOMRAM 000016
___fladd@exp2                                                   cstackCOMRAM 000015
___fladd@f1                                                     cstackCOMRAM 00000B
___fladd@f2                                                     cstackCOMRAM 00000F
___fladd@sign                                                   cstackCOMRAM 000014
___flpack                                                       text4        00029C
___flpack@arg                                                   cstackCOMRAM 000001
___flpack@exp                                                   cstackCOMRAM 000005
___flpack@sign                                                  cstackCOMRAM 000006
__accesstop                                                     (abs)        000060
__activetblptr                                                  (abs)        000000
__cntErrataNOP_/tmp/cgtawrAxD.obj                               (abs)        000004
__cntErrataNOP_dist/default/production/MyFirst.X.production.obj (abs)        000021
__end_of___asfladd                                              text2        000400
__end_of___fladd                                                text3        000298
__end_of___flpack                                               text4        0003AE
__end_of__initialization                                        cinit        00042C
__end_of_isr                                                    intcode      0000A6
__end_of_main                                                   text0        000422
__initialization                                                cinit        000424
__mediumconst                                                   mediumconst  000000
__pbssCOMRAM                                                    bssCOMRAM    00002B
__pcinit                                                        cinit        000424
__pcstackCOMRAM                                                 cstackCOMRAM 000001
__pintcode                                                      intcode      000008
__ptext0                                                        text0        000402
__ptext2                                                        text2        0003B0
__ptext3                                                        text3        0000AA
__ptext4                                                        text4        00029A
__ramtop                                                        ramtop       000600
__size_of___asfladd                                             (abs)        000000
__size_of___fladd                                               (abs)        000000
__size_of___flpack                                              (abs)        000000
__size_of_isr                                                   (abs)        000000
__size_of_main                                                  (abs)        000000
__smallconst                                                    smallconst   000000
_cnt                                                            bssCOMRAM    00002B
_isr                                                            intcode      000008
_main                                                           text0        000404
end_of_initialization                                           cinit        00042C
intlevel0                                                       text         000432
intlevel1                                                       text         000434
intlevel2                                                       text         000436
intlevel3                                                       text         000438
start                                                           init         0000A6
start_initialization                                            cinit        000424


FUNCTION INFORMATION:

 *************** function _main *****************
 Defined at:
		line 15 in file "MyFirst.c"
 Parameters:    Size  Location     Type
		None
 Auto vars:     Size  Location     Type
		None
 Return value:  Size  Location     Type
		None               void
 Registers used:
		wreg, status,2
 Tracked objects:
		On entry : 
		On exit  : 
		Unchanged: 
 Data sizes:     COMRAM   BANK0   BANK1   BANK2   BANK3   BANK4   BANK5
      Params:         0       0       0       0       0       0       0
      Locals:         0       0       0       0       0       0       0
      Temps:          0       0       0       0       0       0       0
      Totals:         0       0       0       0       0       0       0
Total ram usage:        0 bytes
 Hardware stack levels required when called:    4
 This function calls:
		Nothing
 This function is called by:
		Startup code after reset
 This function uses a non-reentrant model


 *************** function _isr *****************
 Defined at:
		line 7 in file "MyFirst.c"
 Parameters:    Size  Location     Type
		None
 Auto vars:     Size  Location     Type
		None
 Return value:  Size  Location     Type
		None               void
 Registers used:
		wreg, fsr2l, fsr2h, status,2, status,0, cstack
 Tracked objects:
		On entry : 
		On exit  : 
		Unchanged: 
 Data sizes:     COMRAM   BANK0   BANK1   BANK2   BANK3   BANK4   BANK5
      Params:         0       0       0       0       0       0       0
      Locals:         0       0       0       0       0       0       0
      Temps:         14       0       0       0       0       0       0
      Totals:        14       0       0       0       0       0       0
Total ram usage:       14 bytes
 Hardware stack levels used:    1
 Hardware stack levels required when called:    3
 This function calls:
		___asfladd
 This function is called by:
		Interrupt level 2
 This function uses a non-reentrant model


 *************** function ___asfladd *****************
 Defined at:
		line 5 in file "/opt/microchip/xc8/v1.21/sources/pic18/asfladd.c"
 Parameters:    Size  Location     Type
  f1p             2   22[COMRAM] PTR 
		 -> cnt(4), 
  f2              4   24[COMRAM] PTR 
 Auto vars:     Size  Location     Type
		None
 Return value:  Size  Location     Type
                  4   22[COMRAM] PTR 
 Registers used:
		wreg, fsr2l, fsr2h, status,2, status,0, cstack
 Tracked objects:
		On entry : 
		On exit  : 
		Unchanged: 
 Data sizes:     COMRAM   BANK0   BANK1   BANK2   BANK3   BANK4   BANK5
      Params:         6       0       0       0       0       0       0
      Locals:         0       0       0       0       0       0       0
      Temps:          0       0       0       0       0       0       0
      Totals:         6       0       0       0       0       0       0
Total ram usage:        6 bytes
 Hardware stack levels used:    1
 Hardware stack levels required when called:    2
 This function calls:
		___fladd
 This function is called by:
		_isr
 This function uses a non-reentrant model


 *************** function ___fladd *****************
 Defined at:
		line 89 in file "/opt/microchip/xc8/v1.21/sources/common/fladd.c"
 Parameters:    Size  Location     Type
  f1              4   10[COMRAM] PTR 
  f2              4   14[COMRAM] PTR 
 Auto vars:     Size  Location     Type
  exp1            1   21[COMRAM] unsigned char 
  exp2            1   20[COMRAM] unsigned char 
  sign            1   19[COMRAM] unsigned char 
 Return value:  Size  Location     Type
                  4   10[COMRAM] unsigned char 
 Registers used:
		wreg, status,2, status,0, cstack
 Tracked objects:
		On entry : 
		On exit  : 
		Unchanged: 
 Data sizes:     COMRAM   BANK0   BANK1   BANK2   BANK3   BANK4   BANK5
      Params:         8       0       0       0       0       0       0
      Locals:         3       0       0       0       0       0       0
      Temps:          1       0       0       0       0       0       0
      Totals:        12       0       0       0       0       0       0
Total ram usage:       12 bytes
 Hardware stack levels used:    1
 Hardware stack levels required when called:    1
 This function calls:
		___flpack
 This function is called by:
		___asfladd
 This function uses a non-reentrant model


 *************** function ___flpack *****************
 Defined at:
		line 64 in file "/opt/microchip/xc8/v1.21/sources/common/double.c"
 Parameters:    Size  Location     Type
  arg             4    0[COMRAM] unsigned long 
  exp             1    4[COMRAM] unsigned char 
  sign            1    5[COMRAM] unsigned char 
 Auto vars:     Size  Location     Type
		None
 Return value:  Size  Location     Type
                  4    0[COMRAM] unsigned char 
 Registers used:
		wreg, status,2, status,0
 Tracked objects:
		On entry : 
		On exit  : 
		Unchanged: 
 Data sizes:     COMRAM   BANK0   BANK1   BANK2   BANK3   BANK4   BANK5
      Params:         6       0       0       0       0       0       0
      Locals:         0       0       0       0       0       0       0
      Temps:          4       0       0       0       0       0       0
      Totals:        10       0       0       0       0       0       0
Total ram usage:       10 bytes
 Hardware stack levels used:    1
 This function calls:
		Nothing
 This function is called by:
		___fladd
 This function uses a non-reentrant model



MODULE INFORMATION

Module		Function		Class		Link	Load	Size
/opt/microchip/xc8/v1.21/sources/pic18/asfladd.c
		___asfladd     		CODE           	03B2	0000	78

/opt/microchip/xc8/v1.21/sources/pic18/asfladd.c estimated size: 78

/opt/microchip/xc8/v1.21/sources/common/double.c
		___flpack      		CODE           	029C	0000	274

/opt/microchip/xc8/v1.21/sources/common/double.c estimated size: 274

/opt/microchip/xc8/v1.21/sources/common/fladd.c
		___fladd       		CODE           	00AC	0000	492

/opt/microchip/xc8/v1.21/sources/common/fladd.c estimated size: 492

shared
		__initializatio		CODE           	0424	0000	8

shared estimated size: 8

MyFirst.c
		_main          		CODE           	0404	0000	30
		_isr           		CODE           	0008	0000	158

MyFirst.c estimated size: 188

