Microchip MPLAB XC8 Compiler V1.21 ()

Linker command line:

--edf=C:\Program Files (x86)\Microchip\xc8\v1.21\dat\en_msgs.txt -cs \
  -h+dist/default/production\TestI2C_Slave.X.production.sym \
  --cmf=dist/default/production\TestI2C_Slave.X.production.cmf -z -Q16F877A \
  -oC:\Users\bh\AppData\Local\Temp\s4t8.6 \
  -Mdist/default/production/TestI2C_Slave.X.production.map -E1 -ver=XC8 \
  -ACONST=00h-0FFhx32 -ACODE=00h-07FFhx4 -ASTRCODE=00h-01FFFh \
  -AENTRY=00h-0FFhx32 -ASTRING=00h-0FFhx32 -ACOMMON=070h-07Fh \
  -ABANK0=020h-06Fh -ABANK1=0A0h-0EFh -ABANK2=0110h-016Fh \
  -ABANK3=0190h-01EFh -ARAM=020h-06Fh,0A0h-0EFh,0110h-016Fh,0190h-01EFh \
  -AABS1=020h-07Fh,0A0h-0EFh,0110h-016Fh,0190h-01EFh -ASFR0=00h-01Fh \
  -ASFR1=080h-09Fh -ASFR2=0100h-010Fh -ASFR3=0180h-018Fh \
  -preset_vec=00h,intentry=04h,init,end_init -ppowerup=CODE -pcinit=CODE \
  -pfunctab=CODE -ACONFIG=02007h-02007h -pconfig=CONFIG -DCONFIG=2 \
  -AIDLOC=02000h-02003h -pidloc=IDLOC -DIDLOC=2 -AEEDATA=00h-0FFh/02100h \
  -peeprom_data=EEDATA -DEEDATA=2 -DCODE=2 -DSTRCODE=2 -DSTRING=2 -DCONST=2 \
  -DENTRY=2 -k C:\Users\bh\AppData\Local\Temp\s4t8.obj \
  dist/default/production\TestI2C_Slave.X.production.obj 

Object code version is 3.11

Machine type is 16F877A



                Name                               Link     Load   Length Selector   Space Scale
C:\Users\bh\AppData\Local\Temp\s4t8.obj
                end_init                             12       12        3        8       0
                reset_vec                             0        0        3        0       0
                config                             2007     2007        1     400E       0
dist/default/production\TestI2C_Slave.X.production.obj
                cinit                                15       15        4        8       0
                intentry                              4        4        E        8       0
                text1                                19       19       58        8       0
                maintext                             71       71       20        8       0
                cstackCOMMON                         70       70        6       70       1
                strings                              91       91        8      122       0

TOTAL           Name                               Link     Load   Length     Space
        CLASS   CONST          

        CLASS   CODE           
                end_init                             12       12        3         0
                cinit                                15       15        4         0
                intentry                              4        4        E         0
                reset_vec                             0        0        3         0
                text1                                19       19       58         0
                maintext                             71       71       20         0

        CLASS   STRCODE        

        CLASS   ENTRY          

        CLASS   STRING         
                strings                              91       91        8         0

        CLASS   COMMON         
                cstackCOMMON                         70       70        6         1

        CLASS   BANK0          

        CLASS   BANK1          

        CLASS   BANK2          

        CLASS   BANK3          

        CLASS   RAM            

        CLASS   ABS1           
                abs_s1                               7E       7E        2         1

        CLASS   SFR0           

        CLASS   SFR1           

        CLASS   SFR2           

        CLASS   SFR3           

        CLASS   CONFIG         
                config                             2007     2007        1         0

        CLASS   IDLOC          

        CLASS   EEDATA         



SEGMENTS        Name                           Load    Length   Top    Selector   Space  Class     Delta

                reset_vec                      000000  000003  000003         0       0  CODE        2
                intentry                       000004  00008D  000091         8       0  CODE        2
                cstackCOMMON                   000070  000006  000076        70       1  COMMON      1
                strings                        000091  000008  000099       122       0  STRING      2
                config                         002007  000001  002008      400E       0  CONFIG      2


UNUSED ADDRESS RANGES

        Name                Unused          Largest block    Delta
        BANK0            0020-006F             50           1
        BANK1            00A0-00EF             50           1
        BANK2            0110-016F             60           1
        BANK3            0190-01EF             60           1
        CODE             0003-0003              1           2
                         0099-1FFF            800
        COMMON           0076-007D              8           1
        CONST            0003-0003              1           2
                         0099-1FFF            100
        EEDATA           2100-21FF            100           2
        ENTRY            0003-0003              1           2
                         0099-1FFF            100
        IDLOC            2000-2003              4           2
        RAM              0020-006F             50           1
                         00A0-00EF             50
                         0110-016F             60
                         0190-01EF             60
        SFR0             0000-001F             20           1
        SFR1             0080-009F             20           1
        SFR2             0100-010F             10           1
        SFR3             0180-018F             10           1
        STRCODE          0003-0003              1           2
                         0099-1FFF           1F67
        STRING           0003-0003              1           2
                         0099-1FFF            100

                                  Symbol Table

_Add_High                strings      0097
_Add_Low                 strings      0098
_CKE                     (abs)        04A6
_CKP                     (abs)        00A4
_GIE                     (abs)        005F
_PEIE                    (abs)        005E
_PORTB                   (abs)        0006
_PORTD                   (abs)        0008
_PSPMODE                 (abs)        044C
_SMP                     (abs)        04A7
_SSPBUF                  (abs)        0013
_SSPCON                  (abs)        0014
_SSPCON2                 (abs)        0091
_SSPIE                   (abs)        0463
_SSPIF                   (abs)        0063
_SSPSTAT                 (abs)        0094
_TRISB                   (abs)        0086
_TRISC                   (abs)        0087
_TRISD                   (abs)        0088
_UA                      (abs)        04A1
__CFG_FOSC$HS            (abs)        0000
__CFG_WDTE$OFF           (abs)        0000
__Habs1                  abs1         0000
__Hbank0                 bank0        0000
__Hbank1                 bank1        0000
__Hbank2                 bank2        0000
__Hbank3                 bank3        0000
__Hcinit                 cinit        0019
__Hclrtext               clrtext      0000
__Hcode                  code         0000
__Hcommon                common       0000
__Hconfig                config       2008
__HcstackCOMMON          cstackCOMMON 0000
__Heeprom_data           eeprom_data  0000
__Hend_init              end_init     0015
__Hfunctab               functab      0000
__Hidloc                 idloc        0000
__Hinit                  init         0012
__Hintentry              intentry     0012
__Hmaintext              maintext     0000
__Hpowerup               powerup      0000
__Hram                   ram          0000
__Hreset_vec             reset_vec    0003
__Hsfr0                  sfr0         0000
__Hsfr1                  sfr1         0000
__Hsfr2                  sfr2         0000
__Hsfr3                  sfr3         0000
__Hstrings               strings      0000
__Htext                  text         0000
__Labs1                  abs1         0000
__Lbank0                 bank0        0000
__Lbank1                 bank1        0000
__Lbank2                 bank2        0000
__Lbank3                 bank3        0000
__Lcinit                 cinit        0015
__Lclrtext               clrtext      0000
__Lcode                  code         0000
__Lcommon                common       0000
__Lconfig                config       2007
__LcstackCOMMON          cstackCOMMON 0000
__Leeprom_data           eeprom_data  0000
__Lend_init              end_init     0012
__Lfunctab               functab      0000
__Lidloc                 idloc        0000
__Linit                  init         0012
__Lintentry              intentry     0004
__Lmaintext              maintext     0000
__Lpowerup               powerup      0000
__Lram                   ram          0000
__Lreset_vec             reset_vec    0000
__Lsfr0                  sfr0         0000
__Lsfr1                  sfr1         0000
__Lsfr2                  sfr2         0000
__Lsfr3                  sfr3         0000
__Lstrings               strings      0000
__Ltext                  text         0000
__S0                     (abs)        2008
__S1                     (abs)        0076
__S3                     (abs)        0000
___latbits               (abs)        0002
__end_of_Add_High        strings      0098
__end_of_Add_Low         strings      0099
__end_of__initialization cinit        0015
__end_of__stringtab      strings      0097
__end_of_isr             text1        0071
__end_of_main            maintext     0091
__initialization         cinit        0015
__pcstackCOMMON          cstackCOMMON 0070
__pintentry              intentry     0004
__pmaintext              maintext     0071
__pstrings               strings      0091
__ptext1                 text1        0019
__size_of_isr            (abs)        0000
__size_of_main           (abs)        0000
__stringbase             strings      0096
__stringtab              strings      0091
_isr                     text1        0019
_main                    maintext     0071
_nRBPU                   (abs)        040F
btemp                    (abs)        007E
end_of_initialization    cinit        0015
interrupt_function       intentry     0004
intlevel0                functab      0000
intlevel1                functab      0000
intlevel2                functab      0000
intlevel3                functab      0000
intlevel4                functab      0000
intlevel5                functab      0000
isr@rc                   cstackCOMMON 0075
reset_vec                reset_vec    0000
saved_w                  (abs)        007E
start                    init         0012
start_initialization     cinit        0015
wtemp0                   (abs)        007E


FUNCTION INFORMATION:

 *************** function _main *****************
 Defined at:
		line 31 in file "TestI2C_Slave.c"
 Parameters:    Size  Location     Type
		None
 Auto vars:     Size  Location     Type
		None
 Return value:  Size  Location     Type
		None               void
 Registers used:
		wreg, status,2
 Tracked objects:
		On entry : 
		On exit  : 
		Unchanged: 
 Data sizes:     COMMON   BANK0   BANK1   BANK3   BANK2
      Params:         0       0       0       0       0
      Locals:         0       0       0       0       0
      Temps:          0       0       0       0       0
      Totals:         0       0       0       0       0
Total ram usage:        0 bytes
 Hardware stack levels required when called:    2
 This function calls:
		Nothing
 This function is called by:
		Startup code after reset
 This function uses a non-reentrant model


 *************** function _isr *****************
 Defined at:
		line 7 in file "TestI2C_Slave.c"
 Parameters:    Size  Location     Type
		None
 Auto vars:     Size  Location     Type
  rc              1    5[COMMON] volatile unsigned char 
 Return value:  Size  Location     Type
		None               void
 Registers used:
		wreg, fsr0l, fsr0h, pclath
 Tracked objects:
		On entry : 
		On exit  : 
		Unchanged: 
 Data sizes:     COMMON   BANK0   BANK1   BANK3   BANK2
      Params:         0       0       0       0       0
      Locals:         1       0       0       0       0
      Temps:          5       0       0       0       0
      Totals:         6       0       0       0       0
Total ram usage:        6 bytes
 Hardware stack levels used:    2
 This function calls:
		Nothing
 This function is called by:
		Interrupt level 1
 This function uses a non-reentrant model



MODULE INFORMATION

Module		Function		Class		Link	Load	Size
TestI2C_Slave.c
		_main          		CODE           	0071	0000	32
		_isr           		CODE           	0019	0000	88

TestI2C_Slave.c estimated size: 120

shared
		__stringtab    		STRING         	0091	0000	6
		__initializatio		CODE           	0015	0000	0
		_Add_Low       		STRING         	0098	0000	1
		_Add_High      		STRING         	0097	0000	1

shared estimated size: 8

