Microchip MPLAB XC8 Compiler V1.36 ()

Linker command line:

-W-3 --edf=/opt/microchip/xc8/v1.36/dat/en_msgs.txt -cs \
  -h+dist/default/debug/ElectronicDrawerLock.X.debug.sym \
  --cmf=dist/default/debug/ElectronicDrawerLock.X.debug.cmf -z -Q16F84A \
  -o/tmp/xcXh3UlIP -Mdist/default/debug/ElectronicDrawerLock.X.debug.map \
  -E1 -ver=XC8 -ASTACK=02Dh-04dh -pstack=STACK -ACODE=00h-03FFh \
  -ASTRCODE=00h-03FFh -ASTRING=00h-0FFhx4 -ACONST=00h-0FFhx4 \
  -AENTRY=00h-0FFhx4 -ABANK0=0Ch-04Dh -ARAM=0Ch-04Dh -AABS1=0Ch-04Fh \
  -ACOMMON=04Eh-04Fh -ASFR0=00h-0Bh -ASFR1=080h-0CDh \
  -preset_vec=00h,intentry=04h,init,end_init -ppowerup=CODE -pcinit=CODE \
  -pfunctab=CODE -ACONFIG=02007h-02007h -pconfig=CONFIG -DCONFIG=2 \
  -AIDLOC=02000h-02003h -pidloc=IDLOC -DIDLOC=2 -AEEDATA=00h-03Fh/02100h \
  -peeprom_data=EEDATA -DEEDATA=2 -DCODE=2 -DSTRCODE=2 -DSTRING=2 -DCONST=2 \
  -DENTRY=2 -k /tmp/xcXYAX0dU.obj \
  dist/default/debug/ElectronicDrawerLock.X.debug.obj 

Object code version is 3.11

Machine type is 16F84A



                Name                               Link     Load   Length Selector   Space Scale
/tmp/xcXYAX0dU.obj
                end_init                              F        F        1        8       0
                reset_vec                             0        0        1        0       0
                config                             2007     2007        1     400E       0
dist/default/debug/ElectronicDrawerLock.X.debug.obj
                cinit                                10       10       1B        8       0
                intentry                              4        4        B        8       0
                eeprom_data                           0     2100        8     4200       3
                text4                               1C1      1C1       21        8       0
                text3                               1FA      1FA       18        8       0
                text2                                2B       2B      13F        8       0
                text1                               1E2      1E2       18        8       0
                maintext                            16A      16A       57        8       0
                cstackBANK0                           C        C        F        C       1
                bitbssBANK0                         158       2B        5        C       1     8
                dataBANK0                            23       23        8        C       1
                bssBANK0                             1B       1B        8        C       1
                nvBANK0                              2C       2C        1        C       1
                idataBANK0                          212      212        8        8       0

TOTAL           Name                               Link     Load   Length     Space
        CLASS   STACK          

        CLASS   CODE           
                end_init                              F        F        1         0
                cinit                                10       10       1B         0
                intentry                              4        4        B         0
                reset_vec                             0        0        1         0
                text4                               1C1      1C1       21         0
                text3                               1FA      1FA       18         0
                text2                                2B       2B      13F         0
                text1                               1E2      1E2       18         0
                maintext                            16A      16A       57         0
                idataBANK0                          212      212        8         0

        CLASS   STRCODE        

        CLASS   STRING         

        CLASS   CONST          

        CLASS   ENTRY          

        CLASS   BANK0          
                cstackBANK0                           C        C        F         1
                bitbssBANK0                         158       2B        5         1
                dataBANK0                            23       23        8         1
                bssBANK0                             1B       1B        8         1
                nvBANK0                              2C       2C        1         1

        CLASS   RAM            

        CLASS   ABS1           
                abs_s1                               4E       4E        2         1

        CLASS   COMMON         

        CLASS   SFR0           

        CLASS   SFR1           

        CLASS   CONFIG         
                config                             2007     2007        1         0

        CLASS   IDLOC          

        CLASS   EEDATA         
                eeprom_data                           0     2100        8         3

        CLASS   BANK1          



SEGMENTS        Name                           Load    Length   Top    Selector   Space  Class     Delta

                reset_vec                      000000  000001  000001         0       0  CODE        2
                intentry                       000004  000216  00021A         8       0  CODE        2
                cstackBANK0                    00000C  000021  00002D         C       1  BANK0       1
                config                         002007  000001  002008      400E       0  CONFIG      2
                eeprom_data                    002100  000008  002108      4200       3  EEDATA      2


UNUSED ADDRESS RANGES

        Name                Unused          Largest block    Delta
        BANK0            0002D-0004D              21           1
        CODE             00001-00003               3           2
                         0021A-003FF             1E6
        CONST            00001-00003               3           2
                         0021A-003FF              E6
        EEDATA           02108-0213F              38           2
        ENTRY            00001-00003               3           2
                         0021A-003FF              E6
        IDLOC            02000-02003               4           2
        RAM              0002D-0004D              21           1
        SFR0             00000-0000B               C           1
        SFR1             00080-000CD              4E           1
        STACK            0002D-0004D              21           1
        STRCODE          00001-00003               3           2
                         0021A-003FF             1E6
        STRING           00001-00003               3           2
                         0021A-003FF              E6

                                  Symbol Table

_CARRY                   (abs)       00018
_EEADR                   (abs)       00009
_EECON1                  (abs)       00088
_EECON2                  (abs)       00089
_EEDATA                  (abs)       00008
_EEIE                    (abs)       0005E
_GIE                     (abs)       0005F
_INTCON                  (abs)       0000B
_OPTION_REG              (abs)       00081
_PORTA                   (abs)       00005
_PORTB                   (abs)       00006
_RA0                     (abs)       00028
_RA1                     (abs)       00029
_RA2                     (abs)       0002A
_RA3                     (abs)       0002B
_RA4                     (abs)       0002C
_RB0                     (abs)       00030
_RB1                     (abs)       00031
_RB2                     (abs)       00032
_RB3                     (abs)       00033
_RB4                     (abs)       00034
_RB5                     (abs)       00035
_RB6                     (abs)       00036
_RBIF                    (abs)       00058
_RD                      (abs)       00440
_T0IF                    (abs)       0005A
_TRISA                   (abs)       00085
_TRISB                   (abs)       00086
_WR                      (abs)       00441
_WREN                    (abs)       00442
__Babs1                  abs1        04210
__Bbank0                 bank0       04210
__Bbank1                 bank1       04210
__BbitbssBANK0           bitbssBANK0 04210
__Bclrtext               clrtext     04210
__Bcode                  code        04210
__Bcommon                common      04210
__BcstackBANK0           cstackBANK0 04210
__Beeprom_data           eeprom_data 02100
__Bmaintext              maintext    04210
__Bram                   ram         04210
__Bsfr0                  sfr0        04210
__Bsfr1                  sfr1        04210
__Bstrings               strings     04210
__Btext                  text        04210
__CFG_CP$ON              (abs)       00000
__CFG_FOSC$HS            (abs)       00000
__CFG_PWRTE$ON           (abs)       00000
__CFG_WDTE$OFF           (abs)       00000
__Habs1                  abs1        00010
__Hbank0                 bank0       00010
__Hbank1                 bank1       00010
__HbitbssBANK0           bitbssBANK0 21080
__HbssBANK0              bssBANK0    04210
__Hcinit                 cinit       0002B
__Hclrtext               clrtext     00010
__Hcode                  code        00010
__Hcommon                common      00010
__Hconfig                config      02008
__HcstackBANK0           cstackBANK0 00010
__HdataBANK0             dataBANK0   04210
__Heeprom_data           eeprom_data 00008
__Hend_init              end_init    00010
__Hfunctab               functab     00000
__HidataBANK0            idataBANK0  04210
__Hidloc                 idloc       00000
__Hinit                  init        0000F
__Hintentry              intentry    0000F
__Hmaintext              maintext    00010
__HnvBANK0               nvBANK0     04210
__Hpowerup               powerup     00000
__Hram                   ram         00010
__Hreset_vec             reset_vec   00001
__Hsfr0                  sfr0        00010
__Hsfr1                  sfr1        00010
__Hspace_0               (abs)       21080
__Hspace_1               (abs)       0015D
__Hspace_2               (abs)       00000
__Hspace_3               (abs)       00008
__Hstack                 stack       00000
__Hstrings               strings     00010
__Htext                  text        00010
__Labs1                  abs1        00010
__Lbank0                 bank0       00010
__Lbank1                 bank1       00010
__LbitbssBANK0           bitbssBANK0 21080
__LbssBANK0              bssBANK0    04210
__Lcinit                 cinit       00010
__Lclrtext               clrtext     00010
__Lcode                  code        00010
__Lcommon                common      00010
__Lconfig                config      02007
__LcstackBANK0           cstackBANK0 00010
__LdataBANK0             dataBANK0   04210
__Leeprom_data           eeprom_data 00000
__Lend_init              end_init    0000F
__Lfunctab               functab     00000
__LidataBANK0            idataBANK0  04210
__Lidloc                 idloc       00000
__Linit                  init        0000F
__Lintentry              intentry    00004
__Lmaintext              maintext    00010
__LnvBANK0               nvBANK0     04210
__Lpowerup               powerup     00000
__Lram                   ram         00010
__Lreset_vec             reset_vec   00000
__Lsfr0                  sfr0        00010
__Lsfr1                  sfr1        00010
__Lspace_0               (abs)       00000
__Lspace_1               (abs)       00000
__Lspace_2               (abs)       00000
__Lspace_3               (abs)       00000
__Lstack                 stack       00000
__Lstrings               strings     00010
__Ltext                  text        00010
__S0                     (abs)       02008
__S1                     (abs)       0002D
__S2                     (abs)       00000
__S3                     (abs)       02108
___int_sp                stack       00000
___latbits               (abs)       00000
___sp                    stack       00000
__end_of__initialization cinit       00029
__end_of_eeprom_read     text1       001FA
__end_of_eeprom_write    text4       001E2
__end_of_isr             text2       0016A
__end_of_main            maintext    001C1
__end_ofi1_eeprom_read   text3       00212
__initialization         cinit       00010
__pbitbssBANK0           bitbssBANK0 00158
__pbssBANK0              bssBANK0    0001B
__pcstackBANK0           cstackBANK0 0000C
__pdataBANK0             dataBANK0   00023
__pidataBANK0            idataBANK0  00212
__pintentry              intentry    00004
__pmaintext              maintext    0016A
__pnvBANK0               nvBANK0     0002C
__ptext1                 text1       001E2
__ptext2                 text2       0002B
__ptext3                 text3       001FA
__ptext4                 text4       001C1
__size_of_eeprom_read    (abs)       00000
__size_of_eeprom_write   (abs)       00000
__size_of_isr            (abs)       00000
__size_of_main           (abs)       00000
__size_ofi1_eeprom_read  (abs)       00000
_but_pres                bitbssBANK0 00158
_buz_time                bssBANK0    0001B
_ch_pres_cnt             bssBANK0    0001C
_changing                bitbssBANK0 00159
_digit                   bssBANK0    0001D
_digit_count             nvBANK0     0002C
_digits_entered          bssBANK0    0001E
_eeprom_read             text1       001E2
_eeprom_write            text4       001C1
_isr                     text2       0002B
_last_pres_time_h        bssBANK0    0001F
_last_pres_time_l        bssBANK0    00020
_main                    maintext    0016A
_master_key              dataBANK0   00023
_open                    bitbssBANK0 0015A
_read_digit              bssBANK0    00021
_sleeping                bitbssBANK0 0015B
_w_led_time              bssBANK0    00022
_wrong                   bitbssBANK0 0015C
btemp                    (abs)       0004E
eeprom_read@addr         cstackBANK0 00017
eeprom_write@addr        cstackBANK0 0000E
eeprom_write@value       cstackBANK0 0000C
end_of_initialization    cinit       00029
i1_eeprom_read           text3       001FA
i1eeprom_read@addr       cstackBANK0 0000D
interrupt_function       intentry    00004
intlevel0                functab     00000
intlevel1                functab     00000
intlevel2                functab     00000
intlevel3                functab     00000
intlevel4                functab     00000
intlevel5                functab     00000
ltemp                    (abs)       0004E
ltemp0                   (abs)       0004E
ltemp1                   (abs)       00052
ltemp2                   (abs)       00056
ltemp3                   (abs)       00050
reset_vec                reset_vec   00000
saved_w                  (abs)       0004E
stackhi                  (abs)       00000
stacklo                  (abs)       00000
start                    init        0000F
start_initialization     cinit       00010
ttemp                    (abs)       0004E
ttemp0                   (abs)       0004E
ttemp1                   (abs)       00051
ttemp2                   (abs)       00054
ttemp3                   (abs)       00057
ttemp4                   (abs)       0004F
wtemp                    (abs)       0004E
wtemp0                   (abs)       0004E
wtemp1                   (abs)       00050
wtemp2                   (abs)       00052
wtemp3                   (abs)       00054
wtemp4                   (abs)       00056
wtemp5                   (abs)       00058
wtemp6                   (abs)       0004F


FUNCTION INFORMATION:

 *************** function _main *****************
 Defined at:
		line 298 in file "electronic_drawer_lock.c"
 Parameters:    Size  Location     Type
		None
 Auto vars:     Size  Location     Type
		None
 Return value:  Size  Location     Type
                  1    wreg      void 
 Registers used:
		wreg, status,2, status,0, pclath, cstack
 Tracked objects:
		On entry : 
		On exit  : 
		Unchanged: 
 Data sizes:     COMMON   BANK0
      Params:         0       0
      Locals:         0       0
      Temps:          0       3
      Totals:         0       3
Total ram usage:        3 bytes
 Hardware stack levels required when called:    3
 This function calls:
		_eeprom_read
 This function is called by:
		Startup code after reset
 This function uses a non-reentrant model


 *************** function _eeprom_read *****************
 Defined at:
		line 6 in file "/opt/microchip/xc8/v1.36/sources/pic/eeread.c"
 Parameters:    Size  Location     Type
  addr            1    wreg     unsigned char 
 Auto vars:     Size  Location     Type
  addr            1   11[BANK0 ] unsigned char 
 Return value:  Size  Location     Type
                  1    wreg      unsigned char 
 Registers used:
		wreg, status,2, status,0
 Tracked objects:
		On entry : 
		On exit  : 
		Unchanged: 
 Data sizes:     COMMON   BANK0
      Params:         0       0
      Locals:         0       1
      Temps:          0       1
      Totals:         0       2
Total ram usage:        2 bytes
 Hardware stack levels used:    1
 Hardware stack levels required when called:    2
 This function calls:
		Nothing
 This function is called by:
		_main
 This function uses a non-reentrant model


 *************** function _isr *****************
 Defined at:
		line 39 in file "electronic_drawer_lock.c"
 Parameters:    Size  Location     Type
		None
 Auto vars:     Size  Location     Type
		None
 Return value:  Size  Location     Type
                  1    wreg      void 
 Registers used:
		wreg, fsr0l, fsr0h, status,2, status,0, pclath, cstack
 Tracked objects:
		On entry : 
		On exit  : 
		Unchanged: 
 Data sizes:     COMMON   BANK0
      Params:         0       0
      Locals:         0       0
      Temps:          0       7
      Totals:         0       7
Total ram usage:        7 bytes
 Hardware stack levels used:    1
 Hardware stack levels required when called:    1
 This function calls:
		_eeprom_write
		i1_eeprom_read
 This function is called by:
		Interrupt level 1
 This function uses a non-reentrant model


 *************** function i1_eeprom_read *****************
 Defined at:
		line 6 in file "/opt/microchip/xc8/v1.36/sources/pic/eeread.c"
 Parameters:    Size  Location     Type
  addr            1    wreg     unsigned char 
 Auto vars:     Size  Location     Type
  addr            1    1[BANK0 ] unsigned char 
 Return value:  Size  Location     Type
                  1    wreg      unsigned char 
 Registers used:
		wreg, status,2, status,0
 Tracked objects:
		On entry : 
		On exit  : 
		Unchanged: 
 Data sizes:     COMMON   BANK0
      Params:         0       0
      Locals:         0       1
      Temps:          0       1
      Totals:         0       2
Total ram usage:        2 bytes
 Hardware stack levels used:    1
 This function calls:
		Nothing
 This function is called by:
		_isr
 This function uses a non-reentrant model


 *************** function _eeprom_write *****************
 Defined at:
		line 6 in file "/opt/microchip/xc8/v1.36/sources/pic/eewrite.c"
 Parameters:    Size  Location     Type
  addr            1    wreg     unsigned char 
  value           1    0[BANK0 ] unsigned char 
 Auto vars:     Size  Location     Type
  addr            1    2[BANK0 ] unsigned char 
 Return value:  Size  Location     Type
                  1    wreg      void 
 Registers used:
		wreg, status,2, status,0
 Tracked objects:
		On entry : 
		On exit  : 
		Unchanged: 
 Data sizes:     COMMON   BANK0
      Params:         0       1
      Locals:         0       1
      Temps:          0       1
      Totals:         0       3
Total ram usage:        3 bytes
 Hardware stack levels used:    1
 This function calls:
		Nothing
 This function is called by:
		_isr
 This function uses a non-reentrant model



MODULE INFORMATION

Module		Function		Class		Link	Load	Size
electronic_drawer_lock.c
		_main          		CODE           	016A	0000	88
		_isr           		CODE           	002B	0000	320

electronic_drawer_lock.c estimated size: 408

/opt/microchip/xc8/v1.36/sources/pic/eewrite.c
		_eeprom_write  		CODE           	01C1	0000	34

/opt/microchip/xc8/v1.36/sources/pic/eewrite.c estimated size: 34

shared
		__initialization		CODE           	0010	0000	26
		i1_eeprom_read 		CODE           	01FA	0000	25

shared estimated size: 51

/opt/microchip/xc8/v1.36/sources/pic/eeread.c
		_eeprom_read   		CODE           	01E2	0000	25

/opt/microchip/xc8/v1.36/sources/pic/eeread.c estimated size: 25

